[2022-05-18T15:57:54.502+0300][gc,heap] Heap region size: 1M
[2022-05-18T15:57:54.521+0300][gc     ] Using G1
[2022-05-18T15:57:54.521+0300][gc,heap,coops] Heap address: 0x00000000c0000000, size: 1024 MB, Compressed Oops mode: 32-bit
[2022-05-18T15:57:57.111+0300][gc,start     ] GC(0) Pause Young (Concurrent Start) (Metadata GC Threshold)
[2022-05-18T15:57:57.111+0300][gc,task      ] GC(0) Using 4 workers of 4 for evacuation
[2022-05-18T15:57:57.128+0300][gc,phases    ] GC(0)   Pre Evacuate Collection Set: 0,0ms
[2022-05-18T15:57:57.129+0300][gc,phases    ] GC(0)   Evacuate Collection Set: 15,9ms
[2022-05-18T15:57:57.129+0300][gc,phases    ] GC(0)   Post Evacuate Collection Set: 0,7ms
[2022-05-18T15:57:57.129+0300][gc,phases    ] GC(0)   Other: 0,8ms
[2022-05-18T15:57:57.129+0300][gc,heap      ] GC(0) Eden regions: 43->0(44)
[2022-05-18T15:57:57.129+0300][gc,heap      ] GC(0) Survivor regions: 0->7(7)
[2022-05-18T15:57:57.129+0300][gc,heap      ] GC(0) Old regions: 0->0
[2022-05-18T15:57:57.129+0300][gc,heap      ] GC(0) Humongous regions: 0->0
[2022-05-18T15:57:57.129+0300][gc,metaspace ] GC(0) Metaspace: 20451K->20451K(1069056K)
[2022-05-18T15:57:57.129+0300][gc           ] GC(0) Pause Young (Concurrent Start) (Metadata GC Threshold) 42M->6M(1024M) 17,722ms
[2022-05-18T15:57:57.129+0300][gc,cpu       ] GC(0) User=0,03s Sys=0,01s Real=0,02s
[2022-05-18T15:57:57.129+0300][gc           ] GC(1) Concurrent Cycle
[2022-05-18T15:57:57.129+0300][gc,marking   ] GC(1) Concurrent Clear Claimed Marks
[2022-05-18T15:57:57.129+0300][gc,marking   ] GC(1) Concurrent Clear Claimed Marks 0,022ms
[2022-05-18T15:57:57.129+0300][gc,marking   ] GC(1) Concurrent Scan Root Regions
[2022-05-18T15:57:57.133+0300][gc,marking   ] GC(1) Concurrent Scan Root Regions 4,033ms
[2022-05-18T15:57:57.133+0300][gc,marking   ] GC(1) Concurrent Mark (2,657s)
[2022-05-18T15:57:57.133+0300][gc,marking   ] GC(1) Concurrent Mark From Roots
[2022-05-18T15:57:57.133+0300][gc,task      ] GC(1) Using 1 workers of 1 for marking
[2022-05-18T15:57:57.134+0300][gc,marking   ] GC(1) Concurrent Mark From Roots 0,796ms
[2022-05-18T15:57:57.134+0300][gc,marking   ] GC(1) Concurrent Preclean
[2022-05-18T15:57:57.134+0300][gc,marking   ] GC(1) Concurrent Preclean 0,062ms
[2022-05-18T15:57:57.134+0300][gc,marking   ] GC(1) Concurrent Mark (2,657s, 2,658s) 0,944ms
[2022-05-18T15:57:57.134+0300][gc,start     ] GC(1) Pause Remark
[2022-05-18T15:57:57.167+0300][gc,stringtable] GC(1) Cleaned string and symbol table, strings: 7376 processed, 0 removed, symbols: 63846 processed, 33 removed
[2022-05-18T15:57:57.167+0300][gc,mmu        ] GC(1) MMU target violated: 21,0ms (20,0ms/21,0ms)
[2022-05-18T15:57:57.167+0300][gc            ] GC(1) Pause Remark 7M->7M(1024M) 33,149ms
[2022-05-18T15:57:57.167+0300][gc,cpu        ] GC(1) User=0,01s Sys=0,00s Real=0,03s
[2022-05-18T15:57:57.168+0300][gc,marking    ] GC(1) Concurrent Rebuild Remembered Sets
[2022-05-18T15:57:57.171+0300][gc,marking    ] GC(1) Concurrent Rebuild Remembered Sets 3,324ms
[2022-05-18T15:57:57.173+0300][gc,start      ] GC(1) Pause Cleanup
[2022-05-18T15:57:57.173+0300][gc            ] GC(1) Pause Cleanup 7M->7M(1024M) 0,567ms
[2022-05-18T15:57:57.173+0300][gc,cpu        ] GC(1) User=0,00s Sys=0,00s Real=0,00s
[2022-05-18T15:57:57.173+0300][gc,marking    ] GC(1) Concurrent Cleanup for Next Mark
[2022-05-18T15:57:57.186+0300][gc,marking    ] GC(1) Concurrent Cleanup for Next Mark 12,888ms
[2022-05-18T15:57:57.186+0300][gc            ] GC(1) Concurrent Cycle 57,331ms
[2022-05-18T15:57:59.679+0300][gc,start      ] GC(2) Pause Young (Normal) (G1 Evacuation Pause)
[2022-05-18T15:57:59.679+0300][gc,task       ] GC(2) Using 4 workers of 4 for evacuation
[2022-05-18T15:57:59.695+0300][gc,phases     ] GC(2)   Pre Evacuate Collection Set: 0,1ms
[2022-05-18T15:57:59.695+0300][gc,phases     ] GC(2)   Evacuate Collection Set: 14,6ms
[2022-05-18T15:57:59.695+0300][gc,phases     ] GC(2)   Post Evacuate Collection Set: 1,5ms
[2022-05-18T15:57:59.696+0300][gc,phases     ] GC(2)   Other: 0,3ms
[2022-05-18T15:57:59.696+0300][gc,heap       ] GC(2) Eden regions: 44->0(49)
[2022-05-18T15:57:59.696+0300][gc,heap       ] GC(2) Survivor regions: 7->2(7)
[2022-05-18T15:57:59.696+0300][gc,heap       ] GC(2) Old regions: 0->7
[2022-05-18T15:57:59.696+0300][gc,heap       ] GC(2) Humongous regions: 0->0
[2022-05-18T15:57:59.696+0300][gc,metaspace  ] GC(2) Metaspace: 30485K->30485K(1077248K)
[2022-05-18T15:57:59.696+0300][gc            ] GC(2) Pause Young (Normal) (G1 Evacuation Pause) 50M->8M(1024M) 16,815ms
[2022-05-18T15:57:59.696+0300][gc,cpu        ] GC(2) User=0,02s Sys=0,02s Real=0,02s
[2022-05-18T15:58:00.373+0300][gc,start      ] GC(3) Pause Young (Concurrent Start) (Metadata GC Threshold)
[2022-05-18T15:58:00.373+0300][gc,task       ] GC(3) Using 4 workers of 4 for evacuation
[2022-05-18T15:58:00.378+0300][gc,phases     ] GC(3)   Pre Evacuate Collection Set: 0,1ms
[2022-05-18T15:58:00.378+0300][gc,phases     ] GC(3)   Evacuate Collection Set: 3,4ms
[2022-05-18T15:58:00.378+0300][gc,phases     ] GC(3)   Post Evacuate Collection Set: 0,5ms
[2022-05-18T15:58:00.378+0300][gc,phases     ] GC(3)   Other: 0,3ms
[2022-05-18T15:58:00.378+0300][gc,heap       ] GC(3) Eden regions: 20->0(48)
[2022-05-18T15:58:00.378+0300][gc,heap       ] GC(3) Survivor regions: 2->3(7)
[2022-05-18T15:58:00.378+0300][gc,heap       ] GC(3) Old regions: 7->7
[2022-05-18T15:58:00.378+0300][gc,heap       ] GC(3) Humongous regions: 129->129
[2022-05-18T15:58:00.378+0300][gc,metaspace  ] GC(3) Metaspace: 34398K->34398K(1081344K)
[2022-05-18T15:58:00.378+0300][gc            ] GC(3) Pause Young (Concurrent Start) (Metadata GC Threshold) 156M->138M(1024M) 4,482ms
[2022-05-18T15:58:00.378+0300][gc,cpu        ] GC(3) User=0,01s Sys=0,00s Real=0,00s
[2022-05-18T15:58:00.378+0300][gc            ] GC(4) Concurrent Cycle
[2022-05-18T15:58:00.378+0300][gc,marking    ] GC(4) Concurrent Clear Claimed Marks
[2022-05-18T15:58:00.378+0300][gc,marking    ] GC(4) Concurrent Clear Claimed Marks 0,101ms
[2022-05-18T15:58:00.378+0300][gc,marking    ] GC(4) Concurrent Scan Root Regions
[2022-05-18T15:58:00.380+0300][gc,marking    ] GC(4) Concurrent Scan Root Regions 2,455ms
[2022-05-18T15:58:00.381+0300][gc,marking    ] GC(4) Concurrent Mark (5,905s)
[2022-05-18T15:58:00.381+0300][gc,marking    ] GC(4) Concurrent Mark From Roots
[2022-05-18T15:58:00.381+0300][gc,task       ] GC(4) Using 1 workers of 1 for marking
[2022-05-18T15:58:00.394+0300][gc,marking    ] GC(4) Concurrent Mark From Roots 13,382ms
[2022-05-18T15:58:00.394+0300][gc,marking    ] GC(4) Concurrent Preclean
[2022-05-18T15:58:00.394+0300][gc,marking    ] GC(4) Concurrent Preclean 0,142ms
[2022-05-18T15:58:00.394+0300][gc,marking    ] GC(4) Concurrent Mark (5,905s, 5,918s) 13,621ms
[2022-05-18T15:58:00.394+0300][gc,start      ] GC(4) Pause Remark
[2022-05-18T15:58:00.400+0300][gc,stringtable] GC(4) Cleaned string and symbol table, strings: 10656 processed, 8 removed, symbols: 95977 processed, 25 removed
[2022-05-18T15:58:00.401+0300][gc            ] GC(4) Pause Remark 139M->139M(1024M) 6,103ms
[2022-05-18T15:58:00.401+0300][gc,cpu        ] GC(4) User=0,02s Sys=0,00s Real=0,00s
[2022-05-18T15:58:00.401+0300][gc,marking    ] GC(4) Concurrent Rebuild Remembered Sets
[2022-05-18T15:58:00.409+0300][gc,marking    ] GC(4) Concurrent Rebuild Remembered Sets 8,130ms
[2022-05-18T15:58:00.409+0300][gc,start      ] GC(4) Pause Cleanup
[2022-05-18T15:58:00.409+0300][gc            ] GC(4) Pause Cleanup 140M->140M(1024M) 0,257ms
[2022-05-18T15:58:00.409+0300][gc,cpu        ] GC(4) User=0,00s Sys=0,00s Real=0,00s
[2022-05-18T15:58:00.409+0300][gc,marking    ] GC(4) Concurrent Cleanup for Next Mark
[2022-05-18T15:58:00.420+0300][gc,marking    ] GC(4) Concurrent Cleanup for Next Mark 10,813ms
[2022-05-18T15:58:00.420+0300][gc            ] GC(4) Concurrent Cycle 42,542ms
[2022-05-18T15:58:02.815+0300][gc,start      ] GC(5) Pause Young (Normal) (G1 Evacuation Pause)
[2022-05-18T15:58:02.815+0300][gc,task       ] GC(5) Using 4 workers of 4 for evacuation
[2022-05-18T15:58:02.837+0300][gc,mmu        ] GC(5) MMU target violated: 21,0ms (20,0ms/21,0ms)
[2022-05-18T15:58:02.837+0300][gc,phases     ] GC(5)   Pre Evacuate Collection Set: 0,0ms
[2022-05-18T15:58:02.837+0300][gc,phases     ] GC(5)   Evacuate Collection Set: 20,5ms
[2022-05-18T15:58:02.837+0300][gc,phases     ] GC(5)   Post Evacuate Collection Set: 0,7ms
[2022-05-18T15:58:02.837+0300][gc,phases     ] GC(5)   Other: 0,6ms
[2022-05-18T15:58:02.837+0300][gc,heap       ] GC(5) Eden regions: 48->0(44)
[2022-05-18T15:58:02.837+0300][gc,heap       ] GC(5) Survivor regions: 3->7(7)
[2022-05-18T15:58:02.837+0300][gc,heap       ] GC(5) Old regions: 7->7
[2022-05-18T15:58:02.837+0300][gc,heap       ] GC(5) Humongous regions: 129->129
[2022-05-18T15:58:02.837+0300][gc,metaspace  ] GC(5) Metaspace: 43075K->43075K(1089536K)
[2022-05-18T15:58:02.837+0300][gc            ] GC(5) Pause Young (Normal) (G1 Evacuation Pause) 186M->141M(1024M) 22,245ms
[2022-05-18T15:58:02.837+0300][gc,cpu        ] GC(5) User=0,03s Sys=0,01s Real=0,02s
[2022-05-18T15:59:13.337+0300][gc,start      ] GC(6) Pause Young (Normal) (G1 Evacuation Pause)
[2022-05-18T15:59:13.337+0300][gc,task       ] GC(6) Using 4 workers of 4 for evacuation
[2022-05-18T15:59:13.391+0300][gc,mmu        ] GC(6) MMU target violated: 21,0ms (20,0ms/21,0ms)
[2022-05-18T15:59:13.391+0300][gc,phases     ] GC(6)   Pre Evacuate Collection Set: 0,1ms
[2022-05-18T15:59:13.391+0300][gc,phases     ] GC(6)   Evacuate Collection Set: 51,2ms
[2022-05-18T15:59:13.391+0300][gc,phases     ] GC(6)   Post Evacuate Collection Set: 2,9ms
[2022-05-18T15:59:13.391+0300][gc,phases     ] GC(6)   Other: 0,5ms
[2022-05-18T15:59:13.391+0300][gc,heap       ] GC(6) Eden regions: 44->0(48)
[2022-05-18T15:59:13.391+0300][gc,heap       ] GC(6) Survivor regions: 7->3(7)
[2022-05-18T15:59:13.391+0300][gc,heap       ] GC(6) Old regions: 7->13
[2022-05-18T15:59:13.391+0300][gc,heap       ] GC(6) Humongous regions: 129->129
[2022-05-18T15:59:13.391+0300][gc,metaspace  ] GC(6) Metaspace: 48972K->48972K(1093632K)
[2022-05-18T15:59:13.391+0300][gc            ] GC(6) Pause Young (Normal) (G1 Evacuation Pause) 185M->144M(1024M) 54,724ms
[2022-05-18T15:59:13.391+0300][gc,cpu        ] GC(6) User=0,04s Sys=0,00s Real=0,05s
