[2022-05-18T15:45:32.826+0300][gc,heap] Heap region size: 1M
[2022-05-18T15:45:32.845+0300][gc     ] Using G1
[2022-05-18T15:45:32.845+0300][gc,heap,coops] Heap address: 0x00000000c0000000, size: 1024 MB, Compressed Oops mode: 32-bit
[2022-05-18T15:45:34.198+0300][gc,start     ] GC(0) Pause Young (Concurrent Start) (Metadata GC Threshold)
[2022-05-18T15:45:34.198+0300][gc,task      ] GC(0) Using 4 workers of 4 for evacuation
[2022-05-18T15:45:34.209+0300][gc,phases    ] GC(0)   Pre Evacuate Collection Set: 0,1ms
[2022-05-18T15:45:34.209+0300][gc,phases    ] GC(0)   Evacuate Collection Set: 9,2ms
[2022-05-18T15:45:34.209+0300][gc,phases    ] GC(0)   Post Evacuate Collection Set: 0,6ms
[2022-05-18T15:45:34.209+0300][gc,phases    ] GC(0)   Other: 0,9ms
[2022-05-18T15:45:34.209+0300][gc,heap      ] GC(0) Eden regions: 43->0(44)
[2022-05-18T15:45:34.209+0300][gc,heap      ] GC(0) Survivor regions: 0->7(7)
[2022-05-18T15:45:34.209+0300][gc,heap      ] GC(0) Old regions: 0->0
[2022-05-18T15:45:34.209+0300][gc,heap      ] GC(0) Humongous regions: 0->0
[2022-05-18T15:45:34.209+0300][gc,metaspace ] GC(0) Metaspace: 20430K->20430K(1069056K)
[2022-05-18T15:45:34.209+0300][gc           ] GC(0) Pause Young (Concurrent Start) (Metadata GC Threshold) 42M->6M(1024M) 10,827ms
[2022-05-18T15:45:34.209+0300][gc,cpu       ] GC(0) User=0,02s Sys=0,00s Real=0,01s
[2022-05-18T15:45:34.209+0300][gc           ] GC(1) Concurrent Cycle
[2022-05-18T15:45:34.209+0300][gc,marking   ] GC(1) Concurrent Clear Claimed Marks
[2022-05-18T15:45:34.209+0300][gc,marking   ] GC(1) Concurrent Clear Claimed Marks 0,040ms
[2022-05-18T15:45:34.209+0300][gc,marking   ] GC(1) Concurrent Scan Root Regions
[2022-05-18T15:45:34.213+0300][gc,marking   ] GC(1) Concurrent Scan Root Regions 3,885ms
[2022-05-18T15:45:34.213+0300][gc,marking   ] GC(1) Concurrent Mark (1,415s)
[2022-05-18T15:45:34.213+0300][gc,marking   ] GC(1) Concurrent Mark From Roots
[2022-05-18T15:45:34.213+0300][gc,task      ] GC(1) Using 1 workers of 1 for marking
[2022-05-18T15:45:34.214+0300][gc,marking   ] GC(1) Concurrent Mark From Roots 1,223ms
[2022-05-18T15:45:34.214+0300][gc,marking   ] GC(1) Concurrent Preclean
[2022-05-18T15:45:34.214+0300][gc,marking   ] GC(1) Concurrent Preclean 0,065ms
[2022-05-18T15:45:34.214+0300][gc,marking   ] GC(1) Concurrent Mark (1,415s, 1,416s) 1,384ms
[2022-05-18T15:45:34.214+0300][gc,start     ] GC(1) Pause Remark
[2022-05-18T15:45:34.218+0300][gc,stringtable] GC(1) Cleaned string and symbol table, strings: 7372 processed, 0 removed, symbols: 63844 processed, 33 removed
[2022-05-18T15:45:34.218+0300][gc            ] GC(1) Pause Remark 7M->7M(1024M) 3,430ms
[2022-05-18T15:45:34.218+0300][gc,cpu        ] GC(1) User=0,01s Sys=0,00s Real=0,00s
[2022-05-18T15:45:34.218+0300][gc,marking    ] GC(1) Concurrent Rebuild Remembered Sets
[2022-05-18T15:45:34.218+0300][gc,marking    ] GC(1) Concurrent Rebuild Remembered Sets 0,093ms
[2022-05-18T15:45:34.218+0300][gc,start      ] GC(1) Pause Cleanup
[2022-05-18T15:45:34.218+0300][gc            ] GC(1) Pause Cleanup 7M->7M(1024M) 0,193ms
[2022-05-18T15:45:34.218+0300][gc,cpu        ] GC(1) User=0,00s Sys=0,00s Real=0,00s
[2022-05-18T15:45:34.219+0300][gc,marking    ] GC(1) Concurrent Cleanup for Next Mark
[2022-05-18T15:45:34.231+0300][gc,marking    ] GC(1) Concurrent Cleanup for Next Mark 12,173ms
[2022-05-18T15:45:34.231+0300][gc            ] GC(1) Concurrent Cycle 21,979ms
[2022-05-18T15:45:35.874+0300][gc,start      ] GC(2) Pause Young (Normal) (G1 Evacuation Pause)
[2022-05-18T15:45:35.874+0300][gc,task       ] GC(2) Using 4 workers of 4 for evacuation
[2022-05-18T15:45:35.895+0300][gc,mmu        ] GC(2) MMU target violated: 20,4ms (20,0ms/21,0ms)
[2022-05-18T15:45:35.895+0300][gc,phases     ] GC(2)   Pre Evacuate Collection Set: 0,1ms
[2022-05-18T15:45:35.895+0300][gc,phases     ] GC(2)   Evacuate Collection Set: 18,6ms
[2022-05-18T15:45:35.895+0300][gc,phases     ] GC(2)   Post Evacuate Collection Set: 1,7ms
[2022-05-18T15:45:35.895+0300][gc,phases     ] GC(2)   Other: 0,4ms
[2022-05-18T15:45:35.895+0300][gc,heap       ] GC(2) Eden regions: 44->0(49)
[2022-05-18T15:45:35.895+0300][gc,heap       ] GC(2) Survivor regions: 7->2(7)
[2022-05-18T15:45:35.895+0300][gc,heap       ] GC(2) Old regions: 0->7
[2022-05-18T15:45:35.895+0300][gc,heap       ] GC(2) Humongous regions: 0->0
[2022-05-18T15:45:35.895+0300][gc,metaspace  ] GC(2) Metaspace: 30484K->30484K(1077248K)
[2022-05-18T15:45:35.895+0300][gc            ] GC(2) Pause Young (Normal) (G1 Evacuation Pause) 50M->8M(1024M) 20,878ms
[2022-05-18T15:45:35.895+0300][gc,cpu        ] GC(2) User=0,03s Sys=0,00s Real=0,02s
[2022-05-18T15:45:36.379+0300][gc,start      ] GC(3) Pause Young (Concurrent Start) (Metadata GC Threshold)
[2022-05-18T15:45:36.379+0300][gc,task       ] GC(3) Using 4 workers of 4 for evacuation
[2022-05-18T15:45:36.384+0300][gc,phases     ] GC(3)   Pre Evacuate Collection Set: 0,1ms
[2022-05-18T15:45:36.384+0300][gc,phases     ] GC(3)   Evacuate Collection Set: 3,7ms
[2022-05-18T15:45:36.384+0300][gc,phases     ] GC(3)   Post Evacuate Collection Set: 0,8ms
[2022-05-18T15:45:36.384+0300][gc,phases     ] GC(3)   Other: 0,4ms
[2022-05-18T15:45:36.384+0300][gc,heap       ] GC(3) Eden regions: 19->0(48)
[2022-05-18T15:45:36.384+0300][gc,heap       ] GC(3) Survivor regions: 2->3(7)
[2022-05-18T15:45:36.384+0300][gc,heap       ] GC(3) Old regions: 7->7
[2022-05-18T15:45:36.384+0300][gc,heap       ] GC(3) Humongous regions: 129->129
[2022-05-18T15:45:36.384+0300][gc,metaspace  ] GC(3) Metaspace: 34402K->34402K(1081344K)
[2022-05-18T15:45:36.384+0300][gc            ] GC(3) Pause Young (Concurrent Start) (Metadata GC Threshold) 156M->138M(1024M) 5,181ms
[2022-05-18T15:45:36.384+0300][gc,cpu        ] GC(3) User=0,01s Sys=0,00s Real=0,00s
[2022-05-18T15:45:36.384+0300][gc            ] GC(4) Concurrent Cycle
[2022-05-18T15:45:36.385+0300][gc,marking    ] GC(4) Concurrent Clear Claimed Marks
[2022-05-18T15:45:36.385+0300][gc,marking    ] GC(4) Concurrent Clear Claimed Marks 0,088ms
[2022-05-18T15:45:36.385+0300][gc,marking    ] GC(4) Concurrent Scan Root Regions
[2022-05-18T15:45:36.388+0300][gc,marking    ] GC(4) Concurrent Scan Root Regions 2,917ms
[2022-05-18T15:45:36.388+0300][gc,marking    ] GC(4) Concurrent Mark (3,589s)
[2022-05-18T15:45:36.388+0300][gc,marking    ] GC(4) Concurrent Mark From Roots
[2022-05-18T15:45:36.388+0300][gc,task       ] GC(4) Using 1 workers of 1 for marking
[2022-05-18T15:45:36.400+0300][gc,marking    ] GC(4) Concurrent Mark From Roots 11,962ms
[2022-05-18T15:45:36.400+0300][gc,marking    ] GC(4) Concurrent Preclean
[2022-05-18T15:45:36.400+0300][gc,marking    ] GC(4) Concurrent Preclean 0,123ms
[2022-05-18T15:45:36.400+0300][gc,marking    ] GC(4) Concurrent Mark (3,589s, 3,602s) 12,200ms
[2022-05-18T15:45:36.400+0300][gc,start      ] GC(4) Pause Remark
[2022-05-18T15:45:36.405+0300][gc,stringtable] GC(4) Cleaned string and symbol table, strings: 10673 processed, 8 removed, symbols: 96112 processed, 25 removed
[2022-05-18T15:45:36.406+0300][gc            ] GC(4) Pause Remark 139M->139M(1024M) 5,491ms
[2022-05-18T15:45:36.406+0300][gc,cpu        ] GC(4) User=0,01s Sys=0,00s Real=0,01s
[2022-05-18T15:45:36.406+0300][gc,marking    ] GC(4) Concurrent Rebuild Remembered Sets
[2022-05-18T15:45:36.412+0300][gc,marking    ] GC(4) Concurrent Rebuild Remembered Sets 5,984ms
[2022-05-18T15:45:36.412+0300][gc,start      ] GC(4) Pause Cleanup
[2022-05-18T15:45:36.412+0300][gc            ] GC(4) Pause Cleanup 140M->140M(1024M) 0,230ms
[2022-05-18T15:45:36.412+0300][gc,cpu        ] GC(4) User=0,00s Sys=0,00s Real=0,00s
[2022-05-18T15:45:36.412+0300][gc,marking    ] GC(4) Concurrent Cleanup for Next Mark
[2022-05-18T15:45:36.420+0300][gc,marking    ] GC(4) Concurrent Cleanup for Next Mark 7,960ms
[2022-05-18T15:45:36.420+0300][gc            ] GC(4) Concurrent Cycle 35,692ms
[2022-05-18T15:45:37.818+0300][gc,start      ] GC(5) Pause Young (Concurrent Start) (G1 Evacuation Pause)
[2022-05-18T15:45:37.818+0300][gc,task       ] GC(5) Using 4 workers of 4 for evacuation
[2022-05-18T15:45:37.835+0300][gc,phases     ] GC(5)   Pre Evacuate Collection Set: 0,2ms
[2022-05-18T15:45:37.835+0300][gc,phases     ] GC(5)   Evacuate Collection Set: 15,9ms
[2022-05-18T15:45:37.835+0300][gc,phases     ] GC(5)   Post Evacuate Collection Set: 0,9ms
[2022-05-18T15:45:37.835+0300][gc,phases     ] GC(5)   Other: 0,4ms
[2022-05-18T15:45:37.835+0300][gc,heap       ] GC(5) Eden regions: 48->0(44)
[2022-05-18T15:45:37.835+0300][gc,heap       ] GC(5) Survivor regions: 3->7(7)
[2022-05-18T15:45:37.835+0300][gc,heap       ] GC(5) Old regions: 7->7
[2022-05-18T15:45:37.835+0300][gc,heap       ] GC(5) Humongous regions: 129->129
[2022-05-18T15:45:37.835+0300][gc,metaspace  ] GC(5) Metaspace: 43201K->43201K(1089536K)
[2022-05-18T15:45:37.835+0300][gc            ] GC(5) Pause Young (Concurrent Start) (G1 Evacuation Pause) 186M->141M(1024M) 17,562ms
[2022-05-18T15:45:37.835+0300][gc,cpu        ] GC(5) User=0,03s Sys=0,01s Real=0,02s
[2022-05-18T15:45:37.835+0300][gc            ] GC(6) Concurrent Cycle
[2022-05-18T15:45:37.835+0300][gc,marking    ] GC(6) Concurrent Clear Claimed Marks
[2022-05-18T15:45:37.835+0300][gc,marking    ] GC(6) Concurrent Clear Claimed Marks 0,134ms
[2022-05-18T15:45:37.835+0300][gc,marking    ] GC(6) Concurrent Scan Root Regions
[2022-05-18T15:45:37.844+0300][gc,marking    ] GC(6) Concurrent Scan Root Regions 8,819ms
[2022-05-18T15:45:37.844+0300][gc,marking    ] GC(6) Concurrent Mark (5,046s)
[2022-05-18T15:45:37.844+0300][gc,marking    ] GC(6) Concurrent Mark From Roots
[2022-05-18T15:45:37.844+0300][gc,task       ] GC(6) Using 1 workers of 1 for marking
[2022-05-18T15:45:37.861+0300][gc,marking    ] GC(6) Concurrent Mark From Roots 16,197ms
[2022-05-18T15:45:37.861+0300][gc,marking    ] GC(6) Concurrent Preclean
[2022-05-18T15:45:37.861+0300][gc,marking    ] GC(6) Concurrent Preclean 0,135ms
[2022-05-18T15:45:37.861+0300][gc,marking    ] GC(6) Concurrent Mark (5,046s, 5,062s) 16,448ms
[2022-05-18T15:45:37.864+0300][gc,start      ] GC(6) Pause Remark
[2022-05-18T15:45:37.869+0300][gc,stringtable] GC(6) Cleaned string and symbol table, strings: 14482 processed, 0 removed, symbols: 119366 processed, 13 removed
[2022-05-18T15:45:37.869+0300][gc            ] GC(6) Pause Remark 143M->143M(1024M) 5,142ms
[2022-05-18T15:45:37.870+0300][gc,cpu        ] GC(6) User=0,02s Sys=0,00s Real=0,01s
[2022-05-18T15:45:37.870+0300][gc,marking    ] GC(6) Concurrent Rebuild Remembered Sets
[2022-05-18T15:45:37.878+0300][gc,marking    ] GC(6) Concurrent Rebuild Remembered Sets 8,420ms
[2022-05-18T15:45:37.878+0300][gc,start      ] GC(6) Pause Cleanup
[2022-05-18T15:45:37.879+0300][gc            ] GC(6) Pause Cleanup 143M->143M(1024M) 0,291ms
[2022-05-18T15:45:37.879+0300][gc,cpu        ] GC(6) User=0,00s Sys=0,00s Real=0,00s
[2022-05-18T15:45:37.879+0300][gc,marking    ] GC(6) Concurrent Cleanup for Next Mark
[2022-05-18T15:45:37.890+0300][gc,marking    ] GC(6) Concurrent Cleanup for Next Mark 11,570ms
[2022-05-18T15:45:37.891+0300][gc            ] GC(6) Concurrent Cycle 55,305ms
