[2022-05-18T16:16:17.685+0300][gc,heap] Heap region size: 1M
[2022-05-18T16:16:17.700+0300][gc     ] Using G1
[2022-05-18T16:16:17.700+0300][gc,heap,coops] Heap address: 0x00000000c0000000, size: 1024 MB, Compressed Oops mode: 32-bit
[2022-05-18T16:16:18.971+0300][gc,start     ] GC(0) Pause Young (Concurrent Start) (Metadata GC Threshold)
[2022-05-18T16:16:18.972+0300][gc,task      ] GC(0) Using 4 workers of 4 for evacuation
[2022-05-18T16:16:18.988+0300][gc,phases    ] GC(0)   Pre Evacuate Collection Set: 0,1ms
[2022-05-18T16:16:18.989+0300][gc,phases    ] GC(0)   Evacuate Collection Set: 15,4ms
[2022-05-18T16:16:18.989+0300][gc,phases    ] GC(0)   Post Evacuate Collection Set: 0,9ms
[2022-05-18T16:16:18.989+0300][gc,phases    ] GC(0)   Other: 1,1ms
[2022-05-18T16:16:18.989+0300][gc,heap      ] GC(0) Eden regions: 43->0(44)
[2022-05-18T16:16:18.989+0300][gc,heap      ] GC(0) Survivor regions: 0->7(7)
[2022-05-18T16:16:18.989+0300][gc,heap      ] GC(0) Old regions: 0->0
[2022-05-18T16:16:18.989+0300][gc,heap      ] GC(0) Humongous regions: 0->0
[2022-05-18T16:16:18.989+0300][gc,metaspace ] GC(0) Metaspace: 20435K->20435K(1069056K)
[2022-05-18T16:16:18.989+0300][gc           ] GC(0) Pause Young (Concurrent Start) (Metadata GC Threshold) 42M->6M(1024M) 17,693ms
[2022-05-18T16:16:18.989+0300][gc,cpu       ] GC(0) User=0,04s Sys=0,00s Real=0,02s
[2022-05-18T16:16:18.989+0300][gc           ] GC(1) Concurrent Cycle
[2022-05-18T16:16:18.989+0300][gc,marking   ] GC(1) Concurrent Clear Claimed Marks
[2022-05-18T16:16:18.989+0300][gc,marking   ] GC(1) Concurrent Clear Claimed Marks 0,039ms
[2022-05-18T16:16:18.989+0300][gc,marking   ] GC(1) Concurrent Scan Root Regions
[2022-05-18T16:16:18.992+0300][gc,marking   ] GC(1) Concurrent Scan Root Regions 3,165ms
[2022-05-18T16:16:18.992+0300][gc,marking   ] GC(1) Concurrent Mark (1,313s)
[2022-05-18T16:16:18.992+0300][gc,marking   ] GC(1) Concurrent Mark From Roots
[2022-05-18T16:16:18.992+0300][gc,task      ] GC(1) Using 1 workers of 1 for marking
[2022-05-18T16:16:18.993+0300][gc,marking   ] GC(1) Concurrent Mark From Roots 0,729ms
[2022-05-18T16:16:18.993+0300][gc,marking   ] GC(1) Concurrent Preclean
[2022-05-18T16:16:18.993+0300][gc,marking   ] GC(1) Concurrent Preclean 0,062ms
[2022-05-18T16:16:18.993+0300][gc,marking   ] GC(1) Concurrent Mark (1,313s, 1,313s) 0,861ms
[2022-05-18T16:16:18.993+0300][gc,start     ] GC(1) Pause Remark
[2022-05-18T16:16:18.996+0300][gc,stringtable] GC(1) Cleaned string and symbol table, strings: 7355 processed, 0 removed, symbols: 63799 processed, 33 removed
[2022-05-18T16:16:18.996+0300][gc            ] GC(1) Pause Remark 7M->7M(1024M) 2,890ms
[2022-05-18T16:16:18.996+0300][gc,cpu        ] GC(1) User=0,01s Sys=0,00s Real=0,01s
[2022-05-18T16:16:18.996+0300][gc,marking    ] GC(1) Concurrent Rebuild Remembered Sets
[2022-05-18T16:16:18.996+0300][gc,marking    ] GC(1) Concurrent Rebuild Remembered Sets 0,122ms
[2022-05-18T16:16:18.997+0300][gc,start      ] GC(1) Pause Cleanup
[2022-05-18T16:16:18.997+0300][gc            ] GC(1) Pause Cleanup 7M->7M(1024M) 0,245ms
[2022-05-18T16:16:18.997+0300][gc,cpu        ] GC(1) User=0,00s Sys=0,00s Real=0,00s
[2022-05-18T16:16:18.997+0300][gc,marking    ] GC(1) Concurrent Cleanup for Next Mark
[2022-05-18T16:16:19.011+0300][gc,marking    ] GC(1) Concurrent Cleanup for Next Mark 14,063ms
[2022-05-18T16:16:19.011+0300][gc            ] GC(1) Concurrent Cycle 22,420ms
[2022-05-18T16:16:20.710+0300][gc,start      ] GC(2) Pause Young (Normal) (G1 Evacuation Pause)
[2022-05-18T16:16:20.710+0300][gc,task       ] GC(2) Using 4 workers of 4 for evacuation
[2022-05-18T16:16:20.733+0300][gc,mmu        ] GC(2) MMU target violated: 21,0ms (20,0ms/21,0ms)
[2022-05-18T16:16:20.733+0300][gc,phases     ] GC(2)   Pre Evacuate Collection Set: 0,0ms
[2022-05-18T16:16:20.733+0300][gc,phases     ] GC(2)   Evacuate Collection Set: 20,8ms
[2022-05-18T16:16:20.733+0300][gc,phases     ] GC(2)   Post Evacuate Collection Set: 1,5ms
[2022-05-18T16:16:20.733+0300][gc,phases     ] GC(2)   Other: 0,4ms
[2022-05-18T16:16:20.733+0300][gc,heap       ] GC(2) Eden regions: 44->0(49)
[2022-05-18T16:16:20.733+0300][gc,heap       ] GC(2) Survivor regions: 7->2(7)
[2022-05-18T16:16:20.733+0300][gc,heap       ] GC(2) Old regions: 0->7
[2022-05-18T16:16:20.733+0300][gc,heap       ] GC(2) Humongous regions: 0->0
[2022-05-18T16:16:20.733+0300][gc,metaspace  ] GC(2) Metaspace: 30506K->30506K(1077248K)
[2022-05-18T16:16:20.733+0300][gc            ] GC(2) Pause Young (Normal) (G1 Evacuation Pause) 50M->8M(1024M) 23,050ms
[2022-05-18T16:16:20.733+0300][gc,cpu        ] GC(2) User=0,05s Sys=0,01s Real=0,02s
[2022-05-18T16:16:21.279+0300][gc,start      ] GC(3) Pause Young (Concurrent Start) (Metadata GC Threshold)
[2022-05-18T16:16:21.279+0300][gc,task       ] GC(3) Using 4 workers of 4 for evacuation
[2022-05-18T16:16:21.284+0300][gc,phases     ] GC(3)   Pre Evacuate Collection Set: 0,1ms
[2022-05-18T16:16:21.284+0300][gc,phases     ] GC(3)   Evacuate Collection Set: 3,9ms
[2022-05-18T16:16:21.284+0300][gc,phases     ] GC(3)   Post Evacuate Collection Set: 0,7ms
[2022-05-18T16:16:21.284+0300][gc,phases     ] GC(3)   Other: 0,4ms
[2022-05-18T16:16:21.284+0300][gc,heap       ] GC(3) Eden regions: 19->0(48)
[2022-05-18T16:16:21.284+0300][gc,heap       ] GC(3) Survivor regions: 2->3(7)
[2022-05-18T16:16:21.284+0300][gc,heap       ] GC(3) Old regions: 7->7
[2022-05-18T16:16:21.284+0300][gc,heap       ] GC(3) Humongous regions: 129->129
[2022-05-18T16:16:21.284+0300][gc,metaspace  ] GC(3) Metaspace: 34418K->34418K(1081344K)
[2022-05-18T16:16:21.284+0300][gc            ] GC(3) Pause Young (Concurrent Start) (Metadata GC Threshold) 156M->138M(1024M) 5,235ms
[2022-05-18T16:16:21.284+0300][gc,cpu        ] GC(3) User=0,02s Sys=0,00s Real=0,00s
[2022-05-18T16:16:21.284+0300][gc            ] GC(4) Concurrent Cycle
[2022-05-18T16:16:21.284+0300][gc,marking    ] GC(4) Concurrent Clear Claimed Marks
[2022-05-18T16:16:21.284+0300][gc,marking    ] GC(4) Concurrent Clear Claimed Marks 0,096ms
[2022-05-18T16:16:21.284+0300][gc,marking    ] GC(4) Concurrent Scan Root Regions
[2022-05-18T16:16:21.286+0300][gc,marking    ] GC(4) Concurrent Scan Root Regions 2,283ms
[2022-05-18T16:16:21.286+0300][gc,marking    ] GC(4) Concurrent Mark (3,607s)
[2022-05-18T16:16:21.286+0300][gc,marking    ] GC(4) Concurrent Mark From Roots
[2022-05-18T16:16:21.286+0300][gc,task       ] GC(4) Using 1 workers of 1 for marking
[2022-05-18T16:16:21.297+0300][gc,marking    ] GC(4) Concurrent Mark From Roots 11,072ms
[2022-05-18T16:16:21.298+0300][gc,marking    ] GC(4) Concurrent Preclean
[2022-05-18T16:16:21.298+0300][gc,marking    ] GC(4) Concurrent Preclean 0,148ms
[2022-05-18T16:16:21.298+0300][gc,marking    ] GC(4) Concurrent Mark (3,607s, 3,618s) 11,333ms
[2022-05-18T16:16:21.298+0300][gc,start      ] GC(4) Pause Remark
[2022-05-18T16:16:21.302+0300][gc,stringtable] GC(4) Cleaned string and symbol table, strings: 10637 processed, 8 removed, symbols: 95963 processed, 26 removed
[2022-05-18T16:16:21.302+0300][gc            ] GC(4) Pause Remark 139M->139M(1024M) 4,226ms
[2022-05-18T16:16:21.302+0300][gc,cpu        ] GC(4) User=0,01s Sys=0,00s Real=0,00s
[2022-05-18T16:16:21.302+0300][gc,marking    ] GC(4) Concurrent Rebuild Remembered Sets
[2022-05-18T16:16:21.308+0300][gc,marking    ] GC(4) Concurrent Rebuild Remembered Sets 5,559ms
[2022-05-18T16:16:21.308+0300][gc,start      ] GC(4) Pause Cleanup
[2022-05-18T16:16:21.308+0300][gc            ] GC(4) Pause Cleanup 140M->140M(1024M) 0,323ms
[2022-05-18T16:16:21.308+0300][gc,cpu        ] GC(4) User=0,00s Sys=0,00s Real=0,00s
[2022-05-18T16:16:21.309+0300][gc,marking    ] GC(4) Concurrent Cleanup for Next Mark
[2022-05-18T16:16:21.317+0300][gc,marking    ] GC(4) Concurrent Cleanup for Next Mark 8,305ms
[2022-05-18T16:16:21.317+0300][gc            ] GC(4) Concurrent Cycle 33,111ms
[2022-05-18T16:16:24.495+0300][gc,heap,exit  ] Heap
[2022-05-18T16:16:24.495+0300][gc,heap,exit  ]  garbage-first heap   total 1048576K, used 184449K [0x00000000c0000000, 0x0000000100000000)
[2022-05-18T16:16:24.495+0300][gc,heap,exit  ]   region size 1024K, 46 young (47104K), 3 survivors (3072K)
[2022-05-18T16:16:24.495+0300][gc,heap,exit  ]  Metaspace       used 40588K, capacity 41998K, committed 42240K, reserved 1085440K
[2022-05-18T16:16:24.495+0300][gc,heap,exit  ]   class space    used 4715K, capacity 5356K, committed 5376K, reserved 1048576K
