[2022-05-18T15:42:40.934+0300][gc,heap] Heap region size: 1M
[2022-05-18T15:42:40.950+0300][gc     ] Using G1
[2022-05-18T15:42:40.950+0300][gc,heap,coops] Heap address: 0x00000000c0000000, size: 1024 MB, Compressed Oops mode: 32-bit
[2022-05-18T15:42:42.313+0300][gc,start     ] GC(0) Pause Young (Concurrent Start) (Metadata GC Threshold)
[2022-05-18T15:42:42.314+0300][gc,task      ] GC(0) Using 4 workers of 4 for evacuation
[2022-05-18T15:42:42.326+0300][gc,phases    ] GC(0)   Pre Evacuate Collection Set: 0,1ms
[2022-05-18T15:42:42.326+0300][gc,phases    ] GC(0)   Evacuate Collection Set: 10,7ms
[2022-05-18T15:42:42.326+0300][gc,phases    ] GC(0)   Post Evacuate Collection Set: 0,9ms
[2022-05-18T15:42:42.326+0300][gc,phases    ] GC(0)   Other: 0,9ms
[2022-05-18T15:42:42.326+0300][gc,heap      ] GC(0) Eden regions: 43->0(44)
[2022-05-18T15:42:42.326+0300][gc,heap      ] GC(0) Survivor regions: 0->7(7)
[2022-05-18T15:42:42.326+0300][gc,heap      ] GC(0) Old regions: 0->0
[2022-05-18T15:42:42.326+0300][gc,heap      ] GC(0) Humongous regions: 0->0
[2022-05-18T15:42:42.326+0300][gc,metaspace ] GC(0) Metaspace: 20446K->20446K(1069056K)
[2022-05-18T15:42:42.326+0300][gc           ] GC(0) Pause Young (Concurrent Start) (Metadata GC Threshold) 42M->6M(1024M) 12,701ms
[2022-05-18T15:42:42.326+0300][gc,cpu       ] GC(0) User=0,02s Sys=0,01s Real=0,01s
[2022-05-18T15:42:42.326+0300][gc           ] GC(1) Concurrent Cycle
[2022-05-18T15:42:42.326+0300][gc,marking   ] GC(1) Concurrent Clear Claimed Marks
[2022-05-18T15:42:42.326+0300][gc,marking   ] GC(1) Concurrent Clear Claimed Marks 0,048ms
[2022-05-18T15:42:42.326+0300][gc,marking   ] GC(1) Concurrent Scan Root Regions
[2022-05-18T15:42:42.330+0300][gc,marking   ] GC(1) Concurrent Scan Root Regions 3,977ms
[2022-05-18T15:42:42.330+0300][gc,marking   ] GC(1) Concurrent Mark (1,424s)
[2022-05-18T15:42:42.330+0300][gc,marking   ] GC(1) Concurrent Mark From Roots
[2022-05-18T15:42:42.330+0300][gc,task      ] GC(1) Using 1 workers of 1 for marking
[2022-05-18T15:42:42.331+0300][gc,marking   ] GC(1) Concurrent Mark From Roots 0,844ms
[2022-05-18T15:42:42.331+0300][gc,marking   ] GC(1) Concurrent Preclean
[2022-05-18T15:42:42.331+0300][gc,marking   ] GC(1) Concurrent Preclean 0,072ms
[2022-05-18T15:42:42.331+0300][gc,marking   ] GC(1) Concurrent Mark (1,424s, 1,425s) 0,988ms
[2022-05-18T15:42:42.331+0300][gc,start     ] GC(1) Pause Remark
[2022-05-18T15:42:42.334+0300][gc,stringtable] GC(1) Cleaned string and symbol table, strings: 7357 processed, 0 removed, symbols: 63844 processed, 33 removed
[2022-05-18T15:42:42.334+0300][gc            ] GC(1) Pause Remark 7M->7M(1024M) 2,854ms
[2022-05-18T15:42:42.334+0300][gc,cpu        ] GC(1) User=0,01s Sys=0,00s Real=0,01s
[2022-05-18T15:42:42.334+0300][gc,marking    ] GC(1) Concurrent Rebuild Remembered Sets
[2022-05-18T15:42:42.334+0300][gc,marking    ] GC(1) Concurrent Rebuild Remembered Sets 0,114ms
[2022-05-18T15:42:42.335+0300][gc,start      ] GC(1) Pause Cleanup
[2022-05-18T15:42:42.335+0300][gc            ] GC(1) Pause Cleanup 7M->7M(1024M) 0,230ms
[2022-05-18T15:42:42.335+0300][gc,cpu        ] GC(1) User=0,00s Sys=0,00s Real=0,00s
[2022-05-18T15:42:42.335+0300][gc,marking    ] GC(1) Concurrent Cleanup for Next Mark
[2022-05-18T15:42:42.346+0300][gc,marking    ] GC(1) Concurrent Cleanup for Next Mark 10,720ms
[2022-05-18T15:42:42.346+0300][gc            ] GC(1) Concurrent Cycle 19,599ms
[2022-05-18T15:42:44.129+0300][gc,start      ] GC(2) Pause Young (Normal) (G1 Evacuation Pause)
[2022-05-18T15:42:44.129+0300][gc,task       ] GC(2) Using 4 workers of 4 for evacuation
[2022-05-18T15:42:44.150+0300][gc,mmu        ] GC(2) MMU target violated: 21,0ms (20,0ms/21,0ms)
[2022-05-18T15:42:44.150+0300][gc,phases     ] GC(2)   Pre Evacuate Collection Set: 0,1ms
[2022-05-18T15:42:44.150+0300][gc,phases     ] GC(2)   Evacuate Collection Set: 20,1ms
[2022-05-18T15:42:44.150+0300][gc,phases     ] GC(2)   Post Evacuate Collection Set: 0,8ms
[2022-05-18T15:42:44.150+0300][gc,phases     ] GC(2)   Other: 0,5ms
[2022-05-18T15:42:44.150+0300][gc,heap       ] GC(2) Eden regions: 44->0(49)
[2022-05-18T15:42:44.150+0300][gc,heap       ] GC(2) Survivor regions: 7->2(7)
[2022-05-18T15:42:44.150+0300][gc,heap       ] GC(2) Old regions: 0->7
[2022-05-18T15:42:44.150+0300][gc,heap       ] GC(2) Humongous regions: 0->0
[2022-05-18T15:42:44.150+0300][gc,metaspace  ] GC(2) Metaspace: 30504K->30504K(1077248K)
[2022-05-18T15:42:44.150+0300][gc            ] GC(2) Pause Young (Normal) (G1 Evacuation Pause) 50M->8M(1024M) 21,516ms
[2022-05-18T15:42:44.151+0300][gc,cpu        ] GC(2) User=0,03s Sys=0,01s Real=0,02s
[2022-05-18T15:42:44.730+0300][gc,start      ] GC(3) Pause Young (Concurrent Start) (Metadata GC Threshold)
[2022-05-18T15:42:44.731+0300][gc,task       ] GC(3) Using 4 workers of 4 for evacuation
[2022-05-18T15:42:44.736+0300][gc,phases     ] GC(3)   Pre Evacuate Collection Set: 0,1ms
[2022-05-18T15:42:44.736+0300][gc,phases     ] GC(3)   Evacuate Collection Set: 4,5ms
[2022-05-18T15:42:44.736+0300][gc,phases     ] GC(3)   Post Evacuate Collection Set: 0,6ms
[2022-05-18T15:42:44.736+0300][gc,phases     ] GC(3)   Other: 0,5ms
[2022-05-18T15:42:44.736+0300][gc,heap       ] GC(3) Eden regions: 20->0(48)
[2022-05-18T15:42:44.736+0300][gc,heap       ] GC(3) Survivor regions: 2->3(7)
[2022-05-18T15:42:44.736+0300][gc,heap       ] GC(3) Old regions: 7->7
[2022-05-18T15:42:44.736+0300][gc,heap       ] GC(3) Humongous regions: 129->129
[2022-05-18T15:42:44.736+0300][gc,metaspace  ] GC(3) Metaspace: 34449K->34449K(1081344K)
[2022-05-18T15:42:44.736+0300][gc            ] GC(3) Pause Young (Concurrent Start) (Metadata GC Threshold) 156M->138M(1024M) 5,933ms
[2022-05-18T15:42:44.736+0300][gc,cpu        ] GC(3) User=0,02s Sys=0,00s Real=0,01s
[2022-05-18T15:42:44.737+0300][gc            ] GC(4) Concurrent Cycle
[2022-05-18T15:42:44.737+0300][gc,marking    ] GC(4) Concurrent Clear Claimed Marks
[2022-05-18T15:42:44.737+0300][gc,marking    ] GC(4) Concurrent Clear Claimed Marks 0,116ms
[2022-05-18T15:42:44.737+0300][gc,marking    ] GC(4) Concurrent Scan Root Regions
[2022-05-18T15:42:44.745+0300][gc,marking    ] GC(4) Concurrent Scan Root Regions 8,507ms
[2022-05-18T15:42:44.745+0300][gc,marking    ] GC(4) Concurrent Mark (3,839s)
[2022-05-18T15:42:44.745+0300][gc,marking    ] GC(4) Concurrent Mark From Roots
[2022-05-18T15:42:44.745+0300][gc,task       ] GC(4) Using 1 workers of 1 for marking
[2022-05-18T15:42:44.757+0300][gc,marking    ] GC(4) Concurrent Mark From Roots 11,214ms
[2022-05-18T15:42:44.757+0300][gc,marking    ] GC(4) Concurrent Preclean
[2022-05-18T15:42:44.757+0300][gc,marking    ] GC(4) Concurrent Preclean 0,143ms
[2022-05-18T15:42:44.757+0300][gc,marking    ] GC(4) Concurrent Mark (3,839s, 3,850s) 11,476ms
[2022-05-18T15:42:44.757+0300][gc,start      ] GC(4) Pause Remark
[2022-05-18T15:42:44.761+0300][gc,stringtable] GC(4) Cleaned string and symbol table, strings: 10652 processed, 8 removed, symbols: 96136 processed, 26 removed
[2022-05-18T15:42:44.761+0300][gc            ] GC(4) Pause Remark 139M->139M(1024M) 4,406ms
[2022-05-18T15:42:44.761+0300][gc,cpu        ] GC(4) User=0,00s Sys=0,01s Real=0,00s
[2022-05-18T15:42:44.762+0300][gc,marking    ] GC(4) Concurrent Rebuild Remembered Sets
[2022-05-18T15:42:44.767+0300][gc,marking    ] GC(4) Concurrent Rebuild Remembered Sets 4,920ms
[2022-05-18T15:42:44.767+0300][gc,start      ] GC(4) Pause Cleanup
[2022-05-18T15:42:44.767+0300][gc            ] GC(4) Pause Cleanup 140M->140M(1024M) 0,210ms
[2022-05-18T15:42:44.767+0300][gc,cpu        ] GC(4) User=0,00s Sys=0,00s Real=0,00s
[2022-05-18T15:42:44.767+0300][gc,marking    ] GC(4) Concurrent Cleanup for Next Mark
[2022-05-18T15:42:44.775+0300][gc,marking    ] GC(4) Concurrent Cleanup for Next Mark 7,816ms
[2022-05-18T15:42:44.775+0300][gc            ] GC(4) Concurrent Cycle 38,429ms
[2022-05-18T15:42:49.078+0300][gc,heap,exit  ] Heap
[2022-05-18T15:42:49.078+0300][gc,heap,exit  ]  garbage-first heap   total 1048576K, used 182485K [0x00000000c0000000, 0x0000000100000000)
[2022-05-18T15:42:49.078+0300][gc,heap,exit  ]   region size 1024K, 45 young (46080K), 3 survivors (3072K)
[2022-05-18T15:42:49.078+0300][gc,heap,exit  ]  Metaspace       used 40615K, capacity 42054K, committed 42240K, reserved 1085440K
[2022-05-18T15:42:49.078+0300][gc,heap,exit  ]   class space    used 4715K, capacity 5355K, committed 5376K, reserved 1048576K
