[2022-05-18T16:07:33.778+0300][gc,heap] Heap region size: 1M
[2022-05-18T16:07:33.794+0300][gc     ] Using G1
[2022-05-18T16:07:33.794+0300][gc,heap,coops] Heap address: 0x00000000c0000000, size: 1024 MB, Compressed Oops mode: 32-bit
[2022-05-18T16:07:35.218+0300][gc,start     ] GC(0) Pause Young (Concurrent Start) (Metadata GC Threshold)
[2022-05-18T16:07:35.223+0300][gc,task      ] GC(0) Using 4 workers of 4 for evacuation
[2022-05-18T16:07:35.236+0300][gc,phases    ] GC(0)   Pre Evacuate Collection Set: 0,1ms
[2022-05-18T16:07:35.237+0300][gc,phases    ] GC(0)   Evacuate Collection Set: 11,7ms
[2022-05-18T16:07:35.237+0300][gc,phases    ] GC(0)   Post Evacuate Collection Set: 1,0ms
[2022-05-18T16:07:35.237+0300][gc,phases    ] GC(0)   Other: 6,1ms
[2022-05-18T16:07:35.237+0300][gc,heap      ] GC(0) Eden regions: 44->0(44)
[2022-05-18T16:07:35.237+0300][gc,heap      ] GC(0) Survivor regions: 0->7(7)
[2022-05-18T16:07:35.237+0300][gc,heap      ] GC(0) Old regions: 0->0
[2022-05-18T16:07:35.237+0300][gc,heap      ] GC(0) Humongous regions: 0->0
[2022-05-18T16:07:35.237+0300][gc,metaspace ] GC(0) Metaspace: 20758K->20758K(1069056K)
[2022-05-18T16:07:35.237+0300][gc           ] GC(0) Pause Young (Concurrent Start) (Metadata GC Threshold) 43M->6M(1024M) 19,094ms
[2022-05-18T16:07:35.237+0300][gc,cpu       ] GC(0) User=0,03s Sys=0,00s Real=0,02s
[2022-05-18T16:07:35.237+0300][gc           ] GC(1) Concurrent Cycle
[2022-05-18T16:07:35.237+0300][gc,marking   ] GC(1) Concurrent Clear Claimed Marks
[2022-05-18T16:07:35.237+0300][gc,marking   ] GC(1) Concurrent Clear Claimed Marks 0,043ms
[2022-05-18T16:07:35.237+0300][gc,marking   ] GC(1) Concurrent Scan Root Regions
[2022-05-18T16:07:35.243+0300][gc,marking   ] GC(1) Concurrent Scan Root Regions 5,816ms
[2022-05-18T16:07:35.243+0300][gc,marking   ] GC(1) Concurrent Mark (1,497s)
[2022-05-18T16:07:35.243+0300][gc,marking   ] GC(1) Concurrent Mark From Roots
[2022-05-18T16:07:35.243+0300][gc,task      ] GC(1) Using 1 workers of 1 for marking
[2022-05-18T16:07:35.244+0300][gc,marking   ] GC(1) Concurrent Mark From Roots 0,700ms
[2022-05-18T16:07:35.244+0300][gc,marking   ] GC(1) Concurrent Preclean
[2022-05-18T16:07:35.244+0300][gc,marking   ] GC(1) Concurrent Preclean 0,052ms
[2022-05-18T16:07:35.244+0300][gc,marking   ] GC(1) Concurrent Mark (1,497s, 1,498s) 0,822ms
[2022-05-18T16:07:35.244+0300][gc,start     ] GC(1) Pause Remark
[2022-05-18T16:07:35.247+0300][gc,stringtable] GC(1) Cleaned string and symbol table, strings: 7435 processed, 0 removed, symbols: 64147 processed, 32 removed
[2022-05-18T16:07:35.248+0300][gc            ] GC(1) Pause Remark 7M->7M(1024M) 4,008ms
[2022-05-18T16:07:35.248+0300][gc,cpu        ] GC(1) User=0,01s Sys=0,00s Real=0,01s
[2022-05-18T16:07:35.248+0300][gc,marking    ] GC(1) Concurrent Rebuild Remembered Sets
[2022-05-18T16:07:35.248+0300][gc,marking    ] GC(1) Concurrent Rebuild Remembered Sets 0,100ms
[2022-05-18T16:07:35.248+0300][gc,start      ] GC(1) Pause Cleanup
[2022-05-18T16:07:35.248+0300][gc            ] GC(1) Pause Cleanup 7M->7M(1024M) 0,279ms
[2022-05-18T16:07:35.248+0300][gc,cpu        ] GC(1) User=0,00s Sys=0,00s Real=0,00s
[2022-05-18T16:07:35.249+0300][gc,marking    ] GC(1) Concurrent Cleanup for Next Mark
[2022-05-18T16:07:35.259+0300][gc,marking    ] GC(1) Concurrent Cleanup for Next Mark 10,496ms
[2022-05-18T16:07:35.259+0300][gc            ] GC(1) Concurrent Cycle 22,371ms
[2022-05-18T16:07:37.041+0300][gc,start      ] GC(2) Pause Young (Normal) (G1 Evacuation Pause)
[2022-05-18T16:07:37.041+0300][gc,task       ] GC(2) Using 4 workers of 4 for evacuation
[2022-05-18T16:07:37.072+0300][gc,mmu        ] GC(2) MMU target violated: 21,0ms (20,0ms/21,0ms)
[2022-05-18T16:07:37.072+0300][gc,phases     ] GC(2)   Pre Evacuate Collection Set: 0,1ms
[2022-05-18T16:07:37.072+0300][gc,phases     ] GC(2)   Evacuate Collection Set: 29,8ms
[2022-05-18T16:07:37.072+0300][gc,phases     ] GC(2)   Post Evacuate Collection Set: 1,0ms
[2022-05-18T16:07:37.072+0300][gc,phases     ] GC(2)   Other: 0,4ms
[2022-05-18T16:07:37.072+0300][gc,heap       ] GC(2) Eden regions: 44->0(49)
[2022-05-18T16:07:37.072+0300][gc,heap       ] GC(2) Survivor regions: 7->2(7)
[2022-05-18T16:07:37.072+0300][gc,heap       ] GC(2) Old regions: 0->7
[2022-05-18T16:07:37.072+0300][gc,heap       ] GC(2) Humongous regions: 0->0
[2022-05-18T16:07:37.072+0300][gc,metaspace  ] GC(2) Metaspace: 30887K->30887K(1077248K)
[2022-05-18T16:07:37.072+0300][gc            ] GC(2) Pause Young (Normal) (G1 Evacuation Pause) 50M->8M(1024M) 31,382ms
[2022-05-18T16:07:37.072+0300][gc,cpu        ] GC(2) User=0,03s Sys=0,00s Real=0,03s
[2022-05-18T16:07:37.539+0300][gc,start      ] GC(3) Pause Young (Concurrent Start) (Metadata GC Threshold)
[2022-05-18T16:07:37.539+0300][gc,task       ] GC(3) Using 4 workers of 4 for evacuation
[2022-05-18T16:07:37.544+0300][gc,phases     ] GC(3)   Pre Evacuate Collection Set: 0,1ms
[2022-05-18T16:07:37.544+0300][gc,phases     ] GC(3)   Evacuate Collection Set: 3,6ms
[2022-05-18T16:07:37.544+0300][gc,phases     ] GC(3)   Post Evacuate Collection Set: 0,7ms
[2022-05-18T16:07:37.544+0300][gc,phases     ] GC(3)   Other: 0,5ms
[2022-05-18T16:07:37.544+0300][gc,heap       ] GC(3) Eden regions: 21->0(48)
[2022-05-18T16:07:37.544+0300][gc,heap       ] GC(3) Survivor regions: 2->3(7)
[2022-05-18T16:07:37.544+0300][gc,heap       ] GC(3) Old regions: 7->7
[2022-05-18T16:07:37.544+0300][gc,heap       ] GC(3) Humongous regions: 129->129
[2022-05-18T16:07:37.544+0300][gc,metaspace  ] GC(3) Metaspace: 34859K->34859K(1081344K)
[2022-05-18T16:07:37.544+0300][gc            ] GC(3) Pause Young (Concurrent Start) (Metadata GC Threshold) 157M->138M(1024M) 5,020ms
[2022-05-18T16:07:37.544+0300][gc,cpu        ] GC(3) User=0,01s Sys=0,00s Real=0,00s
[2022-05-18T16:07:37.544+0300][gc            ] GC(4) Concurrent Cycle
[2022-05-18T16:07:37.545+0300][gc,marking    ] GC(4) Concurrent Clear Claimed Marks
[2022-05-18T16:07:37.545+0300][gc,marking    ] GC(4) Concurrent Clear Claimed Marks 0,100ms
[2022-05-18T16:07:37.545+0300][gc,marking    ] GC(4) Concurrent Scan Root Regions
[2022-05-18T16:07:37.547+0300][gc,marking    ] GC(4) Concurrent Scan Root Regions 2,414ms
[2022-05-18T16:07:37.547+0300][gc,marking    ] GC(4) Concurrent Mark (3,801s)
[2022-05-18T16:07:37.547+0300][gc,marking    ] GC(4) Concurrent Mark From Roots
[2022-05-18T16:07:37.547+0300][gc,task       ] GC(4) Using 1 workers of 1 for marking
[2022-05-18T16:07:37.557+0300][gc,marking    ] GC(4) Concurrent Mark From Roots 9,576ms
[2022-05-18T16:07:37.557+0300][gc,marking    ] GC(4) Concurrent Preclean
[2022-05-18T16:07:37.557+0300][gc,marking    ] GC(4) Concurrent Preclean 0,111ms
[2022-05-18T16:07:37.557+0300][gc,marking    ] GC(4) Concurrent Mark (3,801s, 3,811s) 9,780ms
[2022-05-18T16:07:37.557+0300][gc,start      ] GC(4) Pause Remark
[2022-05-18T16:07:37.561+0300][gc,stringtable] GC(4) Cleaned string and symbol table, strings: 10772 processed, 9 removed, symbols: 96508 processed, 25 removed
[2022-05-18T16:07:37.561+0300][gc            ] GC(4) Pause Remark 139M->139M(1024M) 4,290ms
[2022-05-18T16:07:37.561+0300][gc,cpu        ] GC(4) User=0,00s Sys=0,00s Real=0,00s
[2022-05-18T16:07:37.561+0300][gc,marking    ] GC(4) Concurrent Rebuild Remembered Sets
[2022-05-18T16:07:37.569+0300][gc,marking    ] GC(4) Concurrent Rebuild Remembered Sets 7,346ms
[2022-05-18T16:07:37.569+0300][gc,start      ] GC(4) Pause Cleanup
[2022-05-18T16:07:37.569+0300][gc            ] GC(4) Pause Cleanup 140M->140M(1024M) 0,281ms
[2022-05-18T16:07:37.569+0300][gc,cpu        ] GC(4) User=0,00s Sys=0,00s Real=0,00s
[2022-05-18T16:07:37.569+0300][gc,marking    ] GC(4) Concurrent Cleanup for Next Mark
[2022-05-18T16:07:37.580+0300][gc,marking    ] GC(4) Concurrent Cleanup for Next Mark 10,479ms
[2022-05-18T16:07:37.580+0300][gc            ] GC(4) Concurrent Cycle 35,495ms
[2022-05-18T16:07:41.696+0300][gc,heap,exit  ] Heap
[2022-05-18T16:07:41.696+0300][gc,heap,exit  ]  garbage-first heap   total 1048576K, used 180602K [0x00000000c0000000, 0x0000000100000000)
[2022-05-18T16:07:41.696+0300][gc,heap,exit  ]   region size 1024K, 43 young (44032K), 3 survivors (3072K)
[2022-05-18T16:07:41.696+0300][gc,heap,exit  ]  Metaspace       used 40618K, capacity 42055K, committed 42396K, reserved 1087488K
[2022-05-18T16:07:41.696+0300][gc,heap,exit  ]   class space    used 4715K, capacity 5355K, committed 5452K, reserved 1048576K
