[2022-05-18T15:47:53.849+0300][gc,heap] Heap region size: 1M
[2022-05-18T15:47:53.866+0300][gc     ] Using G1
[2022-05-18T15:47:53.866+0300][gc,heap,coops] Heap address: 0x00000000c0000000, size: 1024 MB, Compressed Oops mode: 32-bit
[2022-05-18T15:47:55.207+0300][gc,start     ] GC(0) Pause Young (Concurrent Start) (Metadata GC Threshold)
[2022-05-18T15:47:55.212+0300][gc,task      ] GC(0) Using 4 workers of 4 for evacuation
[2022-05-18T15:47:55.229+0300][gc,phases    ] GC(0)   Pre Evacuate Collection Set: 0,1ms
[2022-05-18T15:47:55.229+0300][gc,phases    ] GC(0)   Evacuate Collection Set: 16,6ms
[2022-05-18T15:47:55.229+0300][gc,phases    ] GC(0)   Post Evacuate Collection Set: 0,8ms
[2022-05-18T15:47:55.229+0300][gc,phases    ] GC(0)   Other: 5,1ms
[2022-05-18T15:47:55.229+0300][gc,heap      ] GC(0) Eden regions: 44->0(44)
[2022-05-18T15:47:55.230+0300][gc,heap      ] GC(0) Survivor regions: 0->7(7)
[2022-05-18T15:47:55.230+0300][gc,heap      ] GC(0) Old regions: 0->0
[2022-05-18T15:47:55.230+0300][gc,heap      ] GC(0) Humongous regions: 0->0
[2022-05-18T15:47:55.230+0300][gc,metaspace ] GC(0) Metaspace: 20750K->20750K(1069056K)
[2022-05-18T15:47:55.230+0300][gc           ] GC(0) Pause Young (Concurrent Start) (Metadata GC Threshold) 43M->6M(1024M) 22,794ms
[2022-05-18T15:47:55.230+0300][gc,cpu       ] GC(0) User=0,02s Sys=0,01s Real=0,02s
[2022-05-18T15:47:55.230+0300][gc           ] GC(1) Concurrent Cycle
[2022-05-18T15:47:55.230+0300][gc,marking   ] GC(1) Concurrent Clear Claimed Marks
[2022-05-18T15:47:55.230+0300][gc,marking   ] GC(1) Concurrent Clear Claimed Marks 0,026ms
[2022-05-18T15:47:55.230+0300][gc,marking   ] GC(1) Concurrent Scan Root Regions
[2022-05-18T15:47:55.235+0300][gc,marking   ] GC(1) Concurrent Scan Root Regions 4,961ms
[2022-05-18T15:47:55.235+0300][gc,marking   ] GC(1) Concurrent Mark (1,392s)
[2022-05-18T15:47:55.235+0300][gc,marking   ] GC(1) Concurrent Mark From Roots
[2022-05-18T15:47:55.235+0300][gc,task      ] GC(1) Using 1 workers of 1 for marking
[2022-05-18T15:47:55.236+0300][gc,marking   ] GC(1) Concurrent Mark From Roots 0,702ms
[2022-05-18T15:47:55.236+0300][gc,marking   ] GC(1) Concurrent Preclean
[2022-05-18T15:47:55.236+0300][gc,marking   ] GC(1) Concurrent Preclean 0,065ms
[2022-05-18T15:47:55.236+0300][gc,marking   ] GC(1) Concurrent Mark (1,392s, 1,393s) 0,849ms
[2022-05-18T15:47:55.236+0300][gc,start     ] GC(1) Pause Remark
[2022-05-18T15:47:55.241+0300][gc,stringtable] GC(1) Cleaned string and symbol table, strings: 7441 processed, 0 removed, symbols: 64156 processed, 32 removed
[2022-05-18T15:47:55.242+0300][gc            ] GC(1) Pause Remark 7M->7M(1024M) 5,923ms
[2022-05-18T15:47:55.242+0300][gc,cpu        ] GC(1) User=0,01s Sys=0,00s Real=0,00s
[2022-05-18T15:47:55.242+0300][gc,marking    ] GC(1) Concurrent Rebuild Remembered Sets
[2022-05-18T15:47:55.243+0300][gc,marking    ] GC(1) Concurrent Rebuild Remembered Sets 0,887ms
[2022-05-18T15:47:55.243+0300][gc,start      ] GC(1) Pause Cleanup
[2022-05-18T15:47:55.243+0300][gc            ] GC(1) Pause Cleanup 7M->7M(1024M) 0,241ms
[2022-05-18T15:47:55.243+0300][gc,cpu        ] GC(1) User=0,00s Sys=0,00s Real=0,00s
[2022-05-18T15:47:55.243+0300][gc,marking    ] GC(1) Concurrent Cleanup for Next Mark
[2022-05-18T15:47:55.255+0300][gc,marking    ] GC(1) Concurrent Cleanup for Next Mark 11,655ms
[2022-05-18T15:47:55.255+0300][gc            ] GC(1) Concurrent Cycle 25,419ms
[2022-05-18T15:47:56.992+0300][gc,start      ] GC(2) Pause Young (Normal) (G1 Evacuation Pause)
[2022-05-18T15:47:56.992+0300][gc,task       ] GC(2) Using 4 workers of 4 for evacuation
[2022-05-18T15:47:57.012+0300][gc,phases     ] GC(2)   Pre Evacuate Collection Set: 0,1ms
[2022-05-18T15:47:57.012+0300][gc,phases     ] GC(2)   Evacuate Collection Set: 16,8ms
[2022-05-18T15:47:57.012+0300][gc,phases     ] GC(2)   Post Evacuate Collection Set: 2,7ms
[2022-05-18T15:47:57.012+0300][gc,phases     ] GC(2)   Other: 0,3ms
[2022-05-18T15:47:57.012+0300][gc,heap       ] GC(2) Eden regions: 44->0(49)
[2022-05-18T15:47:57.012+0300][gc,heap       ] GC(2) Survivor regions: 7->2(7)
[2022-05-18T15:47:57.012+0300][gc,heap       ] GC(2) Old regions: 0->7
[2022-05-18T15:47:57.012+0300][gc,heap       ] GC(2) Humongous regions: 0->0
[2022-05-18T15:47:57.012+0300][gc,metaspace  ] GC(2) Metaspace: 30929K->30929K(1077248K)
[2022-05-18T15:47:57.012+0300][gc            ] GC(2) Pause Young (Normal) (G1 Evacuation Pause) 50M->8M(1024M) 20,165ms
[2022-05-18T15:47:57.012+0300][gc,cpu        ] GC(2) User=0,05s Sys=0,00s Real=0,02s
[2022-05-18T15:47:57.536+0300][gc,start      ] GC(3) Pause Young (Concurrent Start) (Metadata GC Threshold)
[2022-05-18T15:47:57.536+0300][gc,task       ] GC(3) Using 4 workers of 4 for evacuation
[2022-05-18T15:47:57.541+0300][gc,phases     ] GC(3)   Pre Evacuate Collection Set: 0,1ms
[2022-05-18T15:47:57.542+0300][gc,phases     ] GC(3)   Evacuate Collection Set: 4,3ms
[2022-05-18T15:47:57.542+0300][gc,phases     ] GC(3)   Post Evacuate Collection Set: 0,9ms
[2022-05-18T15:47:57.542+0300][gc,phases     ] GC(3)   Other: 0,5ms
[2022-05-18T15:47:57.542+0300][gc,heap       ] GC(3) Eden regions: 20->0(48)
[2022-05-18T15:47:57.542+0300][gc,heap       ] GC(3) Survivor regions: 2->3(7)
[2022-05-18T15:47:57.542+0300][gc,heap       ] GC(3) Old regions: 7->7
[2022-05-18T15:47:57.542+0300][gc,heap       ] GC(3) Humongous regions: 129->129
[2022-05-18T15:47:57.542+0300][gc,metaspace  ] GC(3) Metaspace: 34818K->34818K(1081344K)
[2022-05-18T15:47:57.542+0300][gc            ] GC(3) Pause Young (Concurrent Start) (Metadata GC Threshold) 157M->138M(1024M) 6,025ms
[2022-05-18T15:47:57.542+0300][gc,cpu        ] GC(3) User=0,02s Sys=0,00s Real=0,00s
[2022-05-18T15:47:57.542+0300][gc            ] GC(4) Concurrent Cycle
[2022-05-18T15:47:57.542+0300][gc,marking    ] GC(4) Concurrent Clear Claimed Marks
[2022-05-18T15:47:57.542+0300][gc,marking    ] GC(4) Concurrent Clear Claimed Marks 0,053ms
[2022-05-18T15:47:57.542+0300][gc,marking    ] GC(4) Concurrent Scan Root Regions
[2022-05-18T15:47:57.544+0300][gc,marking    ] GC(4) Concurrent Scan Root Regions 2,199ms
[2022-05-18T15:47:57.544+0300][gc,marking    ] GC(4) Concurrent Mark (3,701s)
[2022-05-18T15:47:57.544+0300][gc,marking    ] GC(4) Concurrent Mark From Roots
[2022-05-18T15:47:57.544+0300][gc,task       ] GC(4) Using 1 workers of 1 for marking
[2022-05-18T15:47:57.556+0300][gc,marking    ] GC(4) Concurrent Mark From Roots 11,335ms
[2022-05-18T15:47:57.556+0300][gc,marking    ] GC(4) Concurrent Preclean
[2022-05-18T15:47:57.556+0300][gc,marking    ] GC(4) Concurrent Preclean 0,123ms
[2022-05-18T15:47:57.556+0300][gc,marking    ] GC(4) Concurrent Mark (3,701s, 3,713s) 11,558ms
[2022-05-18T15:47:57.556+0300][gc,start      ] GC(4) Pause Remark
[2022-05-18T15:47:57.561+0300][gc,stringtable] GC(4) Cleaned string and symbol table, strings: 10762 processed, 9 removed, symbols: 96385 processed, 25 removed
[2022-05-18T15:47:57.562+0300][gc            ] GC(4) Pause Remark 139M->139M(1024M) 5,732ms
[2022-05-18T15:47:57.562+0300][gc,cpu        ] GC(4) User=0,01s Sys=0,00s Real=0,00s
[2022-05-18T15:47:57.562+0300][gc,marking    ] GC(4) Concurrent Rebuild Remembered Sets
[2022-05-18T15:47:57.568+0300][gc,marking    ] GC(4) Concurrent Rebuild Remembered Sets 5,826ms
[2022-05-18T15:47:57.568+0300][gc,start      ] GC(4) Pause Cleanup
[2022-05-18T15:47:57.568+0300][gc            ] GC(4) Pause Cleanup 139M->139M(1024M) 0,237ms
[2022-05-18T15:47:57.568+0300][gc,cpu        ] GC(4) User=0,00s Sys=0,00s Real=0,00s
[2022-05-18T15:47:57.568+0300][gc,marking    ] GC(4) Concurrent Cleanup for Next Mark
[2022-05-18T15:47:57.576+0300][gc,marking    ] GC(4) Concurrent Cleanup for Next Mark 7,668ms
[2022-05-18T15:47:57.576+0300][gc            ] GC(4) Concurrent Cycle 34,193ms
[2022-05-18T15:47:58.871+0300][gc,start      ] GC(5) Pause Young (Normal) (G1 Evacuation Pause)
[2022-05-18T15:47:58.871+0300][gc,task       ] GC(5) Using 4 workers of 4 for evacuation
[2022-05-18T15:47:58.897+0300][gc,mmu        ] GC(5) MMU target violated: 21,0ms (20,0ms/21,0ms)
[2022-05-18T15:47:58.897+0300][gc,phases     ] GC(5)   Pre Evacuate Collection Set: 0,0ms
[2022-05-18T15:47:58.897+0300][gc,phases     ] GC(5)   Evacuate Collection Set: 24,8ms
[2022-05-18T15:47:58.897+0300][gc,phases     ] GC(5)   Post Evacuate Collection Set: 0,8ms
[2022-05-18T15:47:58.897+0300][gc,phases     ] GC(5)   Other: 0,4ms
[2022-05-18T15:47:58.897+0300][gc,heap       ] GC(5) Eden regions: 48->0(44)
[2022-05-18T15:47:58.897+0300][gc,heap       ] GC(5) Survivor regions: 3->7(7)
[2022-05-18T15:47:58.897+0300][gc,heap       ] GC(5) Old regions: 7->7
[2022-05-18T15:47:58.897+0300][gc,heap       ] GC(5) Humongous regions: 129->129
[2022-05-18T15:47:58.897+0300][gc,metaspace  ] GC(5) Metaspace: 43487K->43487K(1089536K)
[2022-05-18T15:47:58.897+0300][gc            ] GC(5) Pause Young (Normal) (G1 Evacuation Pause) 186M->142M(1024M) 26,256ms
[2022-05-18T15:47:58.897+0300][gc,cpu        ] GC(5) User=0,06s Sys=0,01s Real=0,03s
[2022-05-18T15:49:09.914+0300][gc,start      ] GC(6) Pause Young (Normal) (G1 Evacuation Pause)
[2022-05-18T15:49:09.914+0300][gc,task       ] GC(6) Using 4 workers of 4 for evacuation
[2022-05-18T15:49:09.943+0300][gc,mmu        ] GC(6) MMU target violated: 21,0ms (20,0ms/21,0ms)
[2022-05-18T15:49:09.943+0300][gc,phases     ] GC(6)   Pre Evacuate Collection Set: 0,1ms
[2022-05-18T15:49:09.943+0300][gc,phases     ] GC(6)   Evacuate Collection Set: 27,3ms
[2022-05-18T15:49:09.943+0300][gc,phases     ] GC(6)   Post Evacuate Collection Set: 1,0ms
[2022-05-18T15:49:09.943+0300][gc,phases     ] GC(6)   Other: 0,5ms
[2022-05-18T15:49:09.943+0300][gc,heap       ] GC(6) Eden regions: 44->0(48)
[2022-05-18T15:49:09.943+0300][gc,heap       ] GC(6) Survivor regions: 7->3(7)
[2022-05-18T15:49:09.943+0300][gc,heap       ] GC(6) Old regions: 7->13
[2022-05-18T15:49:09.943+0300][gc,heap       ] GC(6) Humongous regions: 129->129
[2022-05-18T15:49:09.943+0300][gc,metaspace  ] GC(6) Metaspace: 49481K->49481K(1093632K)
[2022-05-18T15:49:09.943+0300][gc            ] GC(6) Pause Young (Normal) (G1 Evacuation Pause) 186M->144M(1024M) 29,025ms
[2022-05-18T15:49:09.943+0300][gc,cpu        ] GC(6) User=0,05s Sys=0,00s Real=0,02s
[2022-05-18T15:52:32.957+0300][gc,start      ] GC(7) Pause Young (Normal) (G1 Evacuation Pause)
[2022-05-18T15:52:32.957+0300][gc,task       ] GC(7) Using 4 workers of 4 for evacuation
[2022-05-18T15:52:32.981+0300][gc,mmu        ] GC(7) MMU target violated: 21,0ms (20,0ms/21,0ms)
[2022-05-18T15:52:32.981+0300][gc,phases     ] GC(7)   Pre Evacuate Collection Set: 0,1ms
[2022-05-18T15:52:32.981+0300][gc,phases     ] GC(7)   Evacuate Collection Set: 22,7ms
[2022-05-18T15:52:32.981+0300][gc,phases     ] GC(7)   Post Evacuate Collection Set: 0,8ms
[2022-05-18T15:52:32.981+0300][gc,phases     ] GC(7)   Other: 0,4ms
[2022-05-18T15:52:32.981+0300][gc,heap       ] GC(7) Eden regions: 48->0(47)
[2022-05-18T15:52:32.981+0300][gc,heap       ] GC(7) Survivor regions: 3->4(7)
[2022-05-18T15:52:32.981+0300][gc,heap       ] GC(7) Old regions: 13->13
[2022-05-18T15:52:32.981+0300][gc,heap       ] GC(7) Humongous regions: 129->129
[2022-05-18T15:52:32.981+0300][gc,metaspace  ] GC(7) Metaspace: 49624K->49624K(1095680K)
[2022-05-18T15:52:32.981+0300][gc            ] GC(7) Pause Young (Normal) (G1 Evacuation Pause) 192M->145M(1024M) 24,164ms
[2022-05-18T15:52:32.981+0300][gc,cpu        ] GC(7) User=0,03s Sys=0,00s Real=0,02s
