[2022-05-18T15:55:43.957+0300][gc,heap] Heap region size: 1M
[2022-05-18T15:55:43.975+0300][gc     ] Using G1
[2022-05-18T15:55:43.975+0300][gc,heap,coops] Heap address: 0x00000000c0000000, size: 1024 MB, Compressed Oops mode: 32-bit
[2022-05-18T15:55:45.242+0300][gc,start     ] GC(0) Pause Young (Concurrent Start) (Metadata GC Threshold)
[2022-05-18T15:55:45.242+0300][gc,task      ] GC(0) Using 4 workers of 4 for evacuation
[2022-05-18T15:55:45.252+0300][gc,phases    ] GC(0)   Pre Evacuate Collection Set: 0,0ms
[2022-05-18T15:55:45.252+0300][gc,phases    ] GC(0)   Evacuate Collection Set: 8,9ms
[2022-05-18T15:55:45.252+0300][gc,phases    ] GC(0)   Post Evacuate Collection Set: 0,7ms
[2022-05-18T15:55:45.252+0300][gc,phases    ] GC(0)   Other: 0,6ms
[2022-05-18T15:55:45.252+0300][gc,heap      ] GC(0) Eden regions: 43->0(44)
[2022-05-18T15:55:45.252+0300][gc,heap      ] GC(0) Survivor regions: 0->7(7)
[2022-05-18T15:55:45.252+0300][gc,heap      ] GC(0) Old regions: 0->0
[2022-05-18T15:55:45.252+0300][gc,heap      ] GC(0) Humongous regions: 0->0
[2022-05-18T15:55:45.252+0300][gc,metaspace ] GC(0) Metaspace: 20457K->20457K(1069056K)
[2022-05-18T15:55:45.252+0300][gc           ] GC(0) Pause Young (Concurrent Start) (Metadata GC Threshold) 42M->6M(1024M) 10,488ms
[2022-05-18T15:55:45.252+0300][gc,cpu       ] GC(0) User=0,02s Sys=0,00s Real=0,01s
[2022-05-18T15:55:45.253+0300][gc           ] GC(1) Concurrent Cycle
[2022-05-18T15:55:45.253+0300][gc,marking   ] GC(1) Concurrent Clear Claimed Marks
[2022-05-18T15:55:45.253+0300][gc,marking   ] GC(1) Concurrent Clear Claimed Marks 0,062ms
[2022-05-18T15:55:45.253+0300][gc,marking   ] GC(1) Concurrent Scan Root Regions
[2022-05-18T15:55:45.258+0300][gc,marking   ] GC(1) Concurrent Scan Root Regions 5,605ms
[2022-05-18T15:55:45.258+0300][gc,marking   ] GC(1) Concurrent Mark (1,307s)
[2022-05-18T15:55:45.258+0300][gc,marking   ] GC(1) Concurrent Mark From Roots
[2022-05-18T15:55:45.258+0300][gc,task      ] GC(1) Using 1 workers of 1 for marking
[2022-05-18T15:55:45.260+0300][gc,marking   ] GC(1) Concurrent Mark From Roots 1,764ms
[2022-05-18T15:55:45.260+0300][gc,marking   ] GC(1) Concurrent Preclean
[2022-05-18T15:55:45.260+0300][gc,marking   ] GC(1) Concurrent Preclean 0,067ms
[2022-05-18T15:55:45.260+0300][gc,marking   ] GC(1) Concurrent Mark (1,307s, 1,309s) 1,932ms
[2022-05-18T15:55:45.260+0300][gc,start     ] GC(1) Pause Remark
[2022-05-18T15:55:45.264+0300][gc,stringtable] GC(1) Cleaned string and symbol table, strings: 7407 processed, 0 removed, symbols: 63860 processed, 33 removed
[2022-05-18T15:55:45.264+0300][gc            ] GC(1) Pause Remark 7M->7M(1024M) 3,901ms
[2022-05-18T15:55:45.264+0300][gc,cpu        ] GC(1) User=0,01s Sys=0,01s Real=0,00s
[2022-05-18T15:55:45.265+0300][gc,marking    ] GC(1) Concurrent Rebuild Remembered Sets
[2022-05-18T15:55:45.266+0300][gc,marking    ] GC(1) Concurrent Rebuild Remembered Sets 0,739ms
[2022-05-18T15:55:45.266+0300][gc,start      ] GC(1) Pause Cleanup
[2022-05-18T15:55:45.266+0300][gc            ] GC(1) Pause Cleanup 7M->7M(1024M) 0,289ms
[2022-05-18T15:55:45.266+0300][gc,cpu        ] GC(1) User=0,00s Sys=0,00s Real=0,00s
[2022-05-18T15:55:45.266+0300][gc,marking    ] GC(1) Concurrent Cleanup for Next Mark
[2022-05-18T15:55:45.278+0300][gc,marking    ] GC(1) Concurrent Cleanup for Next Mark 11,778ms
[2022-05-18T15:55:45.278+0300][gc            ] GC(1) Concurrent Cycle 25,491ms
[2022-05-18T15:55:47.281+0300][gc,start      ] GC(2) Pause Young (Normal) (G1 Evacuation Pause)
[2022-05-18T15:55:47.281+0300][gc,task       ] GC(2) Using 4 workers of 4 for evacuation
[2022-05-18T15:55:47.300+0300][gc,phases     ] GC(2)   Pre Evacuate Collection Set: 0,1ms
[2022-05-18T15:55:47.300+0300][gc,phases     ] GC(2)   Evacuate Collection Set: 17,4ms
[2022-05-18T15:55:47.300+0300][gc,phases     ] GC(2)   Post Evacuate Collection Set: 1,4ms
[2022-05-18T15:55:47.300+0300][gc,phases     ] GC(2)   Other: 0,3ms
[2022-05-18T15:55:47.300+0300][gc,heap       ] GC(2) Eden regions: 44->0(49)
[2022-05-18T15:55:47.300+0300][gc,heap       ] GC(2) Survivor regions: 7->2(7)
[2022-05-18T15:55:47.300+0300][gc,heap       ] GC(2) Old regions: 0->7
[2022-05-18T15:55:47.300+0300][gc,heap       ] GC(2) Humongous regions: 0->0
[2022-05-18T15:55:47.300+0300][gc,metaspace  ] GC(2) Metaspace: 30613K->30613K(1077248K)
[2022-05-18T15:55:47.300+0300][gc            ] GC(2) Pause Young (Normal) (G1 Evacuation Pause) 50M->8M(1024M) 19,501ms
[2022-05-18T15:55:47.300+0300][gc,cpu        ] GC(2) User=0,04s Sys=0,00s Real=0,02s
[2022-05-18T15:55:47.996+0300][gc,start      ] GC(3) Pause Young (Concurrent Start) (Metadata GC Threshold)
[2022-05-18T15:55:47.996+0300][gc,task       ] GC(3) Using 4 workers of 4 for evacuation
[2022-05-18T15:55:48.001+0300][gc,phases     ] GC(3)   Pre Evacuate Collection Set: 0,1ms
[2022-05-18T15:55:48.001+0300][gc,phases     ] GC(3)   Evacuate Collection Set: 3,9ms
[2022-05-18T15:55:48.001+0300][gc,phases     ] GC(3)   Post Evacuate Collection Set: 0,6ms
[2022-05-18T15:55:48.001+0300][gc,phases     ] GC(3)   Other: 0,4ms
[2022-05-18T15:55:48.001+0300][gc,heap       ] GC(3) Eden regions: 19->0(48)
[2022-05-18T15:55:48.001+0300][gc,heap       ] GC(3) Survivor regions: 2->3(7)
[2022-05-18T15:55:48.001+0300][gc,heap       ] GC(3) Old regions: 7->7
[2022-05-18T15:55:48.001+0300][gc,heap       ] GC(3) Humongous regions: 129->129
[2022-05-18T15:55:48.001+0300][gc,metaspace  ] GC(3) Metaspace: 34437K->34437K(1081344K)
[2022-05-18T15:55:48.001+0300][gc            ] GC(3) Pause Young (Concurrent Start) (Metadata GC Threshold) 156M->138M(1024M) 5,172ms
[2022-05-18T15:55:48.001+0300][gc,cpu        ] GC(3) User=0,01s Sys=0,00s Real=0,00s
[2022-05-18T15:55:48.001+0300][gc            ] GC(4) Concurrent Cycle
[2022-05-18T15:55:48.001+0300][gc,marking    ] GC(4) Concurrent Clear Claimed Marks
[2022-05-18T15:55:48.001+0300][gc,marking    ] GC(4) Concurrent Clear Claimed Marks 0,058ms
[2022-05-18T15:55:48.001+0300][gc,marking    ] GC(4) Concurrent Scan Root Regions
[2022-05-18T15:55:48.004+0300][gc,marking    ] GC(4) Concurrent Scan Root Regions 2,842ms
[2022-05-18T15:55:48.004+0300][gc,marking    ] GC(4) Concurrent Mark (4,053s)
[2022-05-18T15:55:48.004+0300][gc,marking    ] GC(4) Concurrent Mark From Roots
[2022-05-18T15:55:48.004+0300][gc,task       ] GC(4) Using 1 workers of 1 for marking
[2022-05-18T15:55:48.019+0300][gc,marking    ] GC(4) Concurrent Mark From Roots 14,463ms
[2022-05-18T15:55:48.019+0300][gc,marking    ] GC(4) Concurrent Preclean
[2022-05-18T15:55:48.019+0300][gc,marking    ] GC(4) Concurrent Preclean 0,203ms
[2022-05-18T15:55:48.019+0300][gc,marking    ] GC(4) Concurrent Mark (4,053s, 4,067s) 14,778ms
[2022-05-18T15:55:48.019+0300][gc,start      ] GC(4) Pause Remark
[2022-05-18T15:55:48.023+0300][gc,stringtable] GC(4) Cleaned string and symbol table, strings: 10650 processed, 8 removed, symbols: 95971 processed, 26 removed
[2022-05-18T15:55:48.023+0300][gc            ] GC(4) Pause Remark 139M->139M(1024M) 3,985ms
[2022-05-18T15:55:48.023+0300][gc,cpu        ] GC(4) User=0,02s Sys=0,00s Real=0,00s
[2022-05-18T15:55:48.023+0300][gc,marking    ] GC(4) Concurrent Rebuild Remembered Sets
[2022-05-18T15:55:48.032+0300][gc,marking    ] GC(4) Concurrent Rebuild Remembered Sets 8,858ms
[2022-05-18T15:55:48.033+0300][gc,start      ] GC(4) Pause Cleanup
[2022-05-18T15:55:48.033+0300][gc            ] GC(4) Pause Cleanup 140M->140M(1024M) 0,377ms
[2022-05-18T15:55:48.033+0300][gc,cpu        ] GC(4) User=0,00s Sys=0,00s Real=0,01s
[2022-05-18T15:55:48.033+0300][gc,marking    ] GC(4) Concurrent Cleanup for Next Mark
[2022-05-18T15:55:48.046+0300][gc,marking    ] GC(4) Concurrent Cleanup for Next Mark 13,021ms
[2022-05-18T15:55:48.047+0300][gc            ] GC(4) Concurrent Cycle 45,432ms
[2022-05-18T15:55:53.916+0300][gc,heap,exit  ] Heap
[2022-05-18T15:55:53.916+0300][gc,heap,exit  ]  garbage-first heap   total 1048576K, used 184519K [0x00000000c0000000, 0x0000000100000000)
[2022-05-18T15:55:53.916+0300][gc,heap,exit  ]   region size 1024K, 46 young (47104K), 3 survivors (3072K)
[2022-05-18T15:55:53.916+0300][gc,heap,exit  ]  Metaspace       used 40701K, capacity 42090K, committed 42240K, reserved 1085440K
[2022-05-18T15:55:53.917+0300][gc,heap,exit  ]   class space    used 4728K, capacity 5369K, committed 5376K, reserved 1048576K
