[2022-05-18T15:40:09.931+0300][gc,heap] Heap region size: 1M
[2022-05-18T15:40:09.944+0300][gc     ] Using G1
[2022-05-18T15:40:09.944+0300][gc,heap,coops] Heap address: 0x00000000c0000000, size: 1024 MB, Compressed Oops mode: 32-bit
[2022-05-18T15:40:11.372+0300][gc,start     ] GC(0) Pause Young (Concurrent Start) (Metadata GC Threshold)
[2022-05-18T15:40:11.372+0300][gc,task      ] GC(0) Using 4 workers of 4 for evacuation
[2022-05-18T15:40:11.385+0300][gc,phases    ] GC(0)   Pre Evacuate Collection Set: 0,1ms
[2022-05-18T15:40:11.385+0300][gc,phases    ] GC(0)   Evacuate Collection Set: 12,2ms
[2022-05-18T15:40:11.385+0300][gc,phases    ] GC(0)   Post Evacuate Collection Set: 0,7ms
[2022-05-18T15:40:11.385+0300][gc,phases    ] GC(0)   Other: 0,7ms
[2022-05-18T15:40:11.385+0300][gc,heap      ] GC(0) Eden regions: 43->0(44)
[2022-05-18T15:40:11.385+0300][gc,heap      ] GC(0) Survivor regions: 0->7(7)
[2022-05-18T15:40:11.385+0300][gc,heap      ] GC(0) Old regions: 0->0
[2022-05-18T15:40:11.385+0300][gc,heap      ] GC(0) Humongous regions: 0->0
[2022-05-18T15:40:11.385+0300][gc,metaspace ] GC(0) Metaspace: 20429K->20429K(1069056K)
[2022-05-18T15:40:11.385+0300][gc           ] GC(0) Pause Young (Concurrent Start) (Metadata GC Threshold) 42M->6M(1024M) 13,872ms
[2022-05-18T15:40:11.385+0300][gc,cpu       ] GC(0) User=0,02s Sys=0,01s Real=0,02s
[2022-05-18T15:40:11.386+0300][gc           ] GC(1) Concurrent Cycle
[2022-05-18T15:40:11.386+0300][gc,marking   ] GC(1) Concurrent Clear Claimed Marks
[2022-05-18T15:40:11.386+0300][gc,marking   ] GC(1) Concurrent Clear Claimed Marks 0,035ms
[2022-05-18T15:40:11.386+0300][gc,marking   ] GC(1) Concurrent Scan Root Regions
[2022-05-18T15:40:11.390+0300][gc,marking   ] GC(1) Concurrent Scan Root Regions 4,728ms
[2022-05-18T15:40:11.390+0300][gc,marking   ] GC(1) Concurrent Mark (1,467s)
[2022-05-18T15:40:11.390+0300][gc,marking   ] GC(1) Concurrent Mark From Roots
[2022-05-18T15:40:11.390+0300][gc,task      ] GC(1) Using 1 workers of 1 for marking
[2022-05-18T15:40:11.391+0300][gc,marking   ] GC(1) Concurrent Mark From Roots 0,754ms
[2022-05-18T15:40:11.391+0300][gc,marking   ] GC(1) Concurrent Preclean
[2022-05-18T15:40:11.391+0300][gc,marking   ] GC(1) Concurrent Preclean 0,094ms
[2022-05-18T15:40:11.391+0300][gc,marking   ] GC(1) Concurrent Mark (1,467s, 1,468s) 0,947ms
[2022-05-18T15:40:11.392+0300][gc,start     ] GC(1) Pause Remark
[2022-05-18T15:40:11.396+0300][gc,stringtable] GC(1) Cleaned string and symbol table, strings: 7361 processed, 0 removed, symbols: 63846 processed, 33 removed
[2022-05-18T15:40:11.396+0300][gc            ] GC(1) Pause Remark 7M->7M(1024M) 4,911ms
[2022-05-18T15:40:11.397+0300][gc,cpu        ] GC(1) User=0,01s Sys=0,00s Real=0,01s
[2022-05-18T15:40:11.397+0300][gc,marking    ] GC(1) Concurrent Rebuild Remembered Sets
[2022-05-18T15:40:11.397+0300][gc,marking    ] GC(1) Concurrent Rebuild Remembered Sets 0,167ms
[2022-05-18T15:40:11.397+0300][gc,start      ] GC(1) Pause Cleanup
[2022-05-18T15:40:11.397+0300][gc            ] GC(1) Pause Cleanup 7M->7M(1024M) 0,303ms
[2022-05-18T15:40:11.397+0300][gc,cpu        ] GC(1) User=0,00s Sys=0,00s Real=0,00s
[2022-05-18T15:40:11.398+0300][gc,marking    ] GC(1) Concurrent Cleanup for Next Mark
[2022-05-18T15:40:11.410+0300][gc,marking    ] GC(1) Concurrent Cleanup for Next Mark 12,613ms
[2022-05-18T15:40:11.410+0300][gc            ] GC(1) Concurrent Cycle 24,673ms
[2022-05-18T15:40:13.540+0300][gc,start      ] GC(2) Pause Young (Normal) (G1 Evacuation Pause)
[2022-05-18T15:40:13.540+0300][gc,task       ] GC(2) Using 4 workers of 4 for evacuation
[2022-05-18T15:40:13.590+0300][gc,mmu        ] GC(2) MMU target violated: 21,0ms (20,0ms/21,0ms)
[2022-05-18T15:40:13.591+0300][gc,phases     ] GC(2)   Pre Evacuate Collection Set: 0,1ms
[2022-05-18T15:40:13.591+0300][gc,phases     ] GC(2)   Evacuate Collection Set: 46,1ms
[2022-05-18T15:40:13.591+0300][gc,phases     ] GC(2)   Post Evacuate Collection Set: 3,7ms
[2022-05-18T15:40:13.591+0300][gc,phases     ] GC(2)   Other: 0,4ms
[2022-05-18T15:40:13.591+0300][gc,heap       ] GC(2) Eden regions: 44->0(49)
[2022-05-18T15:40:13.591+0300][gc,heap       ] GC(2) Survivor regions: 7->2(7)
[2022-05-18T15:40:13.591+0300][gc,heap       ] GC(2) Old regions: 0->7
[2022-05-18T15:40:13.591+0300][gc,heap       ] GC(2) Humongous regions: 0->0
[2022-05-18T15:40:13.591+0300][gc,metaspace  ] GC(2) Metaspace: 30457K->30457K(1077248K)
[2022-05-18T15:40:13.591+0300][gc            ] GC(2) Pause Young (Normal) (G1 Evacuation Pause) 50M->8M(1024M) 50,489ms
[2022-05-18T15:40:13.591+0300][gc,cpu        ] GC(2) User=0,08s Sys=0,01s Real=0,05s
[2022-05-18T15:40:14.219+0300][gc,start      ] GC(3) Pause Young (Concurrent Start) (Metadata GC Threshold)
[2022-05-18T15:40:14.219+0300][gc,task       ] GC(3) Using 4 workers of 4 for evacuation
[2022-05-18T15:40:14.230+0300][gc,phases     ] GC(3)   Pre Evacuate Collection Set: 0,1ms
[2022-05-18T15:40:14.230+0300][gc,phases     ] GC(3)   Evacuate Collection Set: 10,3ms
[2022-05-18T15:40:14.230+0300][gc,phases     ] GC(3)   Post Evacuate Collection Set: 0,5ms
[2022-05-18T15:40:14.230+0300][gc,phases     ] GC(3)   Other: 0,3ms
[2022-05-18T15:40:14.231+0300][gc,heap       ] GC(3) Eden regions: 20->0(48)
[2022-05-18T15:40:14.231+0300][gc,heap       ] GC(3) Survivor regions: 2->3(7)
[2022-05-18T15:40:14.231+0300][gc,heap       ] GC(3) Old regions: 7->7
[2022-05-18T15:40:14.231+0300][gc,heap       ] GC(3) Humongous regions: 129->129
[2022-05-18T15:40:14.231+0300][gc,metaspace  ] GC(3) Metaspace: 34386K->34386K(1081344K)
[2022-05-18T15:40:14.231+0300][gc            ] GC(3) Pause Young (Concurrent Start) (Metadata GC Threshold) 156M->138M(1024M) 11,443ms
[2022-05-18T15:40:14.231+0300][gc,cpu        ] GC(3) User=0,02s Sys=0,00s Real=0,01s
[2022-05-18T15:40:14.231+0300][gc            ] GC(4) Concurrent Cycle
[2022-05-18T15:40:14.231+0300][gc,marking    ] GC(4) Concurrent Clear Claimed Marks
[2022-05-18T15:40:14.231+0300][gc,marking    ] GC(4) Concurrent Clear Claimed Marks 0,042ms
[2022-05-18T15:40:14.231+0300][gc,marking    ] GC(4) Concurrent Scan Root Regions
[2022-05-18T15:40:14.234+0300][gc,marking    ] GC(4) Concurrent Scan Root Regions 3,099ms
[2022-05-18T15:40:14.234+0300][gc,marking    ] GC(4) Concurrent Mark (4,310s)
[2022-05-18T15:40:14.234+0300][gc,marking    ] GC(4) Concurrent Mark From Roots
[2022-05-18T15:40:14.234+0300][gc,task       ] GC(4) Using 1 workers of 1 for marking
[2022-05-18T15:40:14.251+0300][gc,marking    ] GC(4) Concurrent Mark From Roots 16,743ms
[2022-05-18T15:40:14.251+0300][gc,marking    ] GC(4) Concurrent Preclean
[2022-05-18T15:40:14.251+0300][gc,marking    ] GC(4) Concurrent Preclean 0,150ms
[2022-05-18T15:40:14.251+0300][gc,marking    ] GC(4) Concurrent Mark (4,310s, 4,327s) 17,018ms
[2022-05-18T15:40:14.254+0300][gc,start      ] GC(4) Pause Remark
[2022-05-18T15:40:14.270+0300][gc,stringtable] GC(4) Cleaned string and symbol table, strings: 10618 processed, 8 removed, symbols: 95885 processed, 26 removed
[2022-05-18T15:40:14.271+0300][gc            ] GC(4) Pause Remark 139M->139M(1024M) 16,963ms
[2022-05-18T15:40:14.271+0300][gc,cpu        ] GC(4) User=0,01s Sys=0,00s Real=0,01s
[2022-05-18T15:40:14.271+0300][gc,marking    ] GC(4) Concurrent Rebuild Remembered Sets
[2022-05-18T15:40:14.280+0300][gc,marking    ] GC(4) Concurrent Rebuild Remembered Sets 8,693ms
[2022-05-18T15:40:14.280+0300][gc,start      ] GC(4) Pause Cleanup
[2022-05-18T15:40:14.281+0300][gc            ] GC(4) Pause Cleanup 139M->139M(1024M) 0,326ms
[2022-05-18T15:40:14.281+0300][gc,cpu        ] GC(4) User=0,00s Sys=0,00s Real=0,00s
[2022-05-18T15:40:14.281+0300][gc,marking    ] GC(4) Concurrent Cleanup for Next Mark
[2022-05-18T15:40:14.301+0300][gc,marking    ] GC(4) Concurrent Cleanup for Next Mark 20,437ms
[2022-05-18T15:40:14.301+0300][gc            ] GC(4) Concurrent Cycle 70,446ms
[2022-05-18T15:40:15.873+0300][gc,start      ] GC(5) Pause Young (Normal) (G1 Evacuation Pause)
[2022-05-18T15:40:15.873+0300][gc,task       ] GC(5) Using 4 workers of 4 for evacuation
[2022-05-18T15:40:15.887+0300][gc,phases     ] GC(5)   Pre Evacuate Collection Set: 0,1ms
[2022-05-18T15:40:15.887+0300][gc,phases     ] GC(5)   Evacuate Collection Set: 12,6ms
[2022-05-18T15:40:15.887+0300][gc,phases     ] GC(5)   Post Evacuate Collection Set: 0,9ms
[2022-05-18T15:40:15.887+0300][gc,phases     ] GC(5)   Other: 0,4ms
[2022-05-18T15:40:15.887+0300][gc,heap       ] GC(5) Eden regions: 48->0(44)
[2022-05-18T15:40:15.887+0300][gc,heap       ] GC(5) Survivor regions: 3->7(7)
[2022-05-18T15:40:15.887+0300][gc,heap       ] GC(5) Old regions: 7->7
[2022-05-18T15:40:15.887+0300][gc,heap       ] GC(5) Humongous regions: 129->129
[2022-05-18T15:40:15.887+0300][gc,metaspace  ] GC(5) Metaspace: 43119K->43119K(1089536K)
[2022-05-18T15:40:15.887+0300][gc            ] GC(5) Pause Young (Normal) (G1 Evacuation Pause) 186M->141M(1024M) 14,098ms
[2022-05-18T15:40:15.887+0300][gc,cpu        ] GC(5) User=0,03s Sys=0,00s Real=0,02s
