[2022-05-18T16:19:01.258+0300][gc,heap] Heap region size: 1M
[2022-05-18T16:19:01.275+0300][gc     ] Using G1
[2022-05-18T16:19:01.275+0300][gc,heap,coops] Heap address: 0x00000000c0000000, size: 1024 MB, Compressed Oops mode: 32-bit
[2022-05-18T16:19:03.050+0300][gc,start     ] GC(0) Pause Young (Concurrent Start) (Metadata GC Threshold)
[2022-05-18T16:19:03.050+0300][gc,task      ] GC(0) Using 4 workers of 4 for evacuation
[2022-05-18T16:19:03.061+0300][gc,phases    ] GC(0)   Pre Evacuate Collection Set: 0,0ms
[2022-05-18T16:19:03.061+0300][gc,phases    ] GC(0)   Evacuate Collection Set: 9,3ms
[2022-05-18T16:19:03.061+0300][gc,phases    ] GC(0)   Post Evacuate Collection Set: 0,6ms
[2022-05-18T16:19:03.061+0300][gc,phases    ] GC(0)   Other: 0,7ms
[2022-05-18T16:19:03.061+0300][gc,heap      ] GC(0) Eden regions: 43->0(44)
[2022-05-18T16:19:03.061+0300][gc,heap      ] GC(0) Survivor regions: 0->7(7)
[2022-05-18T16:19:03.061+0300][gc,heap      ] GC(0) Old regions: 0->0
[2022-05-18T16:19:03.061+0300][gc,heap      ] GC(0) Humongous regions: 0->0
[2022-05-18T16:19:03.061+0300][gc,metaspace ] GC(0) Metaspace: 20434K->20434K(1069056K)
[2022-05-18T16:19:03.061+0300][gc           ] GC(0) Pause Young (Concurrent Start) (Metadata GC Threshold) 42M->6M(1024M) 10,890ms
[2022-05-18T16:19:03.061+0300][gc,cpu       ] GC(0) User=0,03s Sys=0,00s Real=0,01s
[2022-05-18T16:19:03.061+0300][gc           ] GC(1) Concurrent Cycle
[2022-05-18T16:19:03.061+0300][gc,marking   ] GC(1) Concurrent Clear Claimed Marks
[2022-05-18T16:19:03.061+0300][gc,marking   ] GC(1) Concurrent Clear Claimed Marks 0,049ms
[2022-05-18T16:19:03.061+0300][gc,marking   ] GC(1) Concurrent Scan Root Regions
[2022-05-18T16:19:03.066+0300][gc,marking   ] GC(1) Concurrent Scan Root Regions 4,703ms
[2022-05-18T16:19:03.066+0300][gc,marking   ] GC(1) Concurrent Mark (1,830s)
[2022-05-18T16:19:03.066+0300][gc,marking   ] GC(1) Concurrent Mark From Roots
[2022-05-18T16:19:03.066+0300][gc,task      ] GC(1) Using 1 workers of 1 for marking
[2022-05-18T16:19:03.067+0300][gc,marking   ] GC(1) Concurrent Mark From Roots 0,798ms
[2022-05-18T16:19:03.067+0300][gc,marking   ] GC(1) Concurrent Preclean
[2022-05-18T16:19:03.067+0300][gc,marking   ] GC(1) Concurrent Preclean 0,067ms
[2022-05-18T16:19:03.067+0300][gc,marking   ] GC(1) Concurrent Mark (1,830s, 1,831s) 0,950ms
[2022-05-18T16:19:03.067+0300][gc,start     ] GC(1) Pause Remark
[2022-05-18T16:19:03.071+0300][gc,stringtable] GC(1) Cleaned string and symbol table, strings: 7379 processed, 0 removed, symbols: 63844 processed, 33 removed
[2022-05-18T16:19:03.072+0300][gc            ] GC(1) Pause Remark 7M->7M(1024M) 5,018ms
[2022-05-18T16:19:03.072+0300][gc,cpu        ] GC(1) User=0,01s Sys=0,00s Real=0,00s
[2022-05-18T16:19:03.072+0300][gc,marking    ] GC(1) Concurrent Rebuild Remembered Sets
[2022-05-18T16:19:03.072+0300][gc,marking    ] GC(1) Concurrent Rebuild Remembered Sets 0,110ms
[2022-05-18T16:19:03.072+0300][gc,start      ] GC(1) Pause Cleanup
[2022-05-18T16:19:03.072+0300][gc            ] GC(1) Pause Cleanup 7M->7M(1024M) 0,185ms
[2022-05-18T16:19:03.072+0300][gc,cpu        ] GC(1) User=0,00s Sys=0,00s Real=0,00s
[2022-05-18T16:19:03.072+0300][gc,marking    ] GC(1) Concurrent Cleanup for Next Mark
[2022-05-18T16:19:03.083+0300][gc,marking    ] GC(1) Concurrent Cleanup for Next Mark 10,651ms
[2022-05-18T16:19:03.083+0300][gc            ] GC(1) Concurrent Cycle 22,357ms
[2022-05-18T16:19:05.052+0300][gc,start      ] GC(2) Pause Young (Normal) (G1 Evacuation Pause)
[2022-05-18T16:19:05.052+0300][gc,task       ] GC(2) Using 4 workers of 4 for evacuation
[2022-05-18T16:19:05.073+0300][gc,mmu        ] GC(2) MMU target violated: 21,0ms (20,0ms/21,0ms)
[2022-05-18T16:19:05.074+0300][gc,phases     ] GC(2)   Pre Evacuate Collection Set: 0,1ms
[2022-05-18T16:19:05.074+0300][gc,phases     ] GC(2)   Evacuate Collection Set: 20,1ms
[2022-05-18T16:19:05.074+0300][gc,phases     ] GC(2)   Post Evacuate Collection Set: 0,9ms
[2022-05-18T16:19:05.074+0300][gc,phases     ] GC(2)   Other: 0,4ms
[2022-05-18T16:19:05.074+0300][gc,heap       ] GC(2) Eden regions: 44->0(49)
[2022-05-18T16:19:05.074+0300][gc,heap       ] GC(2) Survivor regions: 7->2(7)
[2022-05-18T16:19:05.074+0300][gc,heap       ] GC(2) Old regions: 0->7
[2022-05-18T16:19:05.074+0300][gc,heap       ] GC(2) Humongous regions: 0->0
[2022-05-18T16:19:05.074+0300][gc,metaspace  ] GC(2) Metaspace: 30529K->30529K(1077248K)
[2022-05-18T16:19:05.074+0300][gc            ] GC(2) Pause Young (Normal) (G1 Evacuation Pause) 50M->8M(1024M) 21,648ms
[2022-05-18T16:19:05.074+0300][gc,cpu        ] GC(2) User=0,03s Sys=0,01s Real=0,03s
[2022-05-18T16:19:05.504+0300][gc,start      ] GC(3) Pause Young (Concurrent Start) (Metadata GC Threshold)
[2022-05-18T16:19:05.504+0300][gc,task       ] GC(3) Using 4 workers of 4 for evacuation
[2022-05-18T16:19:05.509+0300][gc,phases     ] GC(3)   Pre Evacuate Collection Set: 0,1ms
[2022-05-18T16:19:05.509+0300][gc,phases     ] GC(3)   Evacuate Collection Set: 4,1ms
[2022-05-18T16:19:05.509+0300][gc,phases     ] GC(3)   Post Evacuate Collection Set: 0,6ms
[2022-05-18T16:19:05.509+0300][gc,phases     ] GC(3)   Other: 0,4ms
[2022-05-18T16:19:05.509+0300][gc,heap       ] GC(3) Eden regions: 19->0(48)
[2022-05-18T16:19:05.509+0300][gc,heap       ] GC(3) Survivor regions: 2->3(7)
[2022-05-18T16:19:05.509+0300][gc,heap       ] GC(3) Old regions: 7->7
[2022-05-18T16:19:05.509+0300][gc,heap       ] GC(3) Humongous regions: 129->129
[2022-05-18T16:19:05.509+0300][gc,metaspace  ] GC(3) Metaspace: 34426K->34426K(1081344K)
[2022-05-18T16:19:05.509+0300][gc            ] GC(3) Pause Young (Concurrent Start) (Metadata GC Threshold) 156M->138M(1024M) 5,387ms
[2022-05-18T16:19:05.509+0300][gc,cpu        ] GC(3) User=0,02s Sys=0,00s Real=0,01s
[2022-05-18T16:19:05.509+0300][gc            ] GC(4) Concurrent Cycle
[2022-05-18T16:19:05.509+0300][gc,marking    ] GC(4) Concurrent Clear Claimed Marks
[2022-05-18T16:19:05.510+0300][gc,marking    ] GC(4) Concurrent Clear Claimed Marks 0,097ms
[2022-05-18T16:19:05.510+0300][gc,marking    ] GC(4) Concurrent Scan Root Regions
[2022-05-18T16:19:05.513+0300][gc,marking    ] GC(4) Concurrent Scan Root Regions 3,060ms
[2022-05-18T16:19:05.513+0300][gc,marking    ] GC(4) Concurrent Mark (4,277s)
[2022-05-18T16:19:05.513+0300][gc,marking    ] GC(4) Concurrent Mark From Roots
[2022-05-18T16:19:05.513+0300][gc,task       ] GC(4) Using 1 workers of 1 for marking
[2022-05-18T16:19:05.523+0300][gc,marking    ] GC(4) Concurrent Mark From Roots 10,279ms
[2022-05-18T16:19:05.523+0300][gc,marking    ] GC(4) Concurrent Preclean
[2022-05-18T16:19:05.523+0300][gc,marking    ] GC(4) Concurrent Preclean 0,112ms
[2022-05-18T16:19:05.523+0300][gc,marking    ] GC(4) Concurrent Mark (4,277s, 4,288s) 10,486ms
[2022-05-18T16:19:05.523+0300][gc,start      ] GC(4) Pause Remark
[2022-05-18T16:19:05.528+0300][gc,stringtable] GC(4) Cleaned string and symbol table, strings: 10654 processed, 8 removed, symbols: 96057 processed, 25 removed
[2022-05-18T16:19:05.528+0300][gc            ] GC(4) Pause Remark 139M->139M(1024M) 4,668ms
[2022-05-18T16:19:05.528+0300][gc,cpu        ] GC(4) User=0,02s Sys=0,00s Real=0,01s
[2022-05-18T16:19:05.528+0300][gc,marking    ] GC(4) Concurrent Rebuild Remembered Sets
[2022-05-18T16:19:05.534+0300][gc,marking    ] GC(4) Concurrent Rebuild Remembered Sets 5,782ms
[2022-05-18T16:19:05.534+0300][gc,start      ] GC(4) Pause Cleanup
[2022-05-18T16:19:05.534+0300][gc            ] GC(4) Pause Cleanup 140M->140M(1024M) 0,238ms
[2022-05-18T16:19:05.534+0300][gc,cpu        ] GC(4) User=0,00s Sys=0,00s Real=0,00s
[2022-05-18T16:19:05.535+0300][gc,marking    ] GC(4) Concurrent Cleanup for Next Mark
[2022-05-18T16:19:05.545+0300][gc,marking    ] GC(4) Concurrent Cleanup for Next Mark 10,067ms
[2022-05-18T16:19:05.545+0300][gc            ] GC(4) Concurrent Cycle 35,262ms
[2022-05-18T16:19:07.123+0300][gc,start      ] GC(5) Pause Young (Normal) (G1 Evacuation Pause)
[2022-05-18T16:19:07.123+0300][gc,task       ] GC(5) Using 4 workers of 4 for evacuation
[2022-05-18T16:19:07.163+0300][gc,mmu        ] GC(5) MMU target violated: 21,0ms (20,0ms/21,0ms)
[2022-05-18T16:19:07.163+0300][gc,phases     ] GC(5)   Pre Evacuate Collection Set: 0,1ms
[2022-05-18T16:19:07.163+0300][gc,phases     ] GC(5)   Evacuate Collection Set: 37,3ms
[2022-05-18T16:19:07.163+0300][gc,phases     ] GC(5)   Post Evacuate Collection Set: 2,2ms
[2022-05-18T16:19:07.163+0300][gc,phases     ] GC(5)   Other: 0,5ms
[2022-05-18T16:19:07.163+0300][gc,heap       ] GC(5) Eden regions: 48->0(44)
[2022-05-18T16:19:07.163+0300][gc,heap       ] GC(5) Survivor regions: 3->7(7)
[2022-05-18T16:19:07.163+0300][gc,heap       ] GC(5) Old regions: 7->7
[2022-05-18T16:19:07.163+0300][gc,heap       ] GC(5) Humongous regions: 129->129
[2022-05-18T16:19:07.163+0300][gc,metaspace  ] GC(5) Metaspace: 43178K->43178K(1089536K)
[2022-05-18T16:19:07.163+0300][gc            ] GC(5) Pause Young (Normal) (G1 Evacuation Pause) 186M->141M(1024M) 40,257ms
[2022-05-18T16:19:07.164+0300][gc,cpu        ] GC(5) User=0,09s Sys=0,00s Real=0,04s
[2022-05-18T16:20:03.665+0300][gc,start      ] GC(6) Pause Young (Normal) (G1 Evacuation Pause)
[2022-05-18T16:20:03.665+0300][gc,task       ] GC(6) Using 4 workers of 4 for evacuation
[2022-05-18T16:20:03.683+0300][gc,phases     ] GC(6)   Pre Evacuate Collection Set: 0,1ms
[2022-05-18T16:20:03.683+0300][gc,phases     ] GC(6)   Evacuate Collection Set: 15,7ms
[2022-05-18T16:20:03.683+0300][gc,phases     ] GC(6)   Post Evacuate Collection Set: 1,7ms
[2022-05-18T16:20:03.683+0300][gc,phases     ] GC(6)   Other: 0,4ms
[2022-05-18T16:20:03.683+0300][gc,heap       ] GC(6) Eden regions: 44->0(48)
[2022-05-18T16:20:03.683+0300][gc,heap       ] GC(6) Survivor regions: 7->3(7)
[2022-05-18T16:20:03.683+0300][gc,heap       ] GC(6) Old regions: 7->13
[2022-05-18T16:20:03.683+0300][gc,heap       ] GC(6) Humongous regions: 129->129
[2022-05-18T16:20:03.683+0300][gc,metaspace  ] GC(6) Metaspace: 48895K->48895K(1093632K)
[2022-05-18T16:20:03.683+0300][gc            ] GC(6) Pause Young (Normal) (G1 Evacuation Pause) 185M->144M(1024M) 18,228ms
[2022-05-18T16:20:03.683+0300][gc,cpu        ] GC(6) User=0,05s Sys=0,00s Real=0,02s
