[2022-05-18T16:10:25.786+0300][gc,heap] Heap region size: 1M
[2022-05-18T16:10:25.801+0300][gc     ] Using G1
[2022-05-18T16:10:25.801+0300][gc,heap,coops] Heap address: 0x00000000c0000000, size: 1024 MB, Compressed Oops mode: 32-bit
[2022-05-18T16:10:27.276+0300][gc,start     ] GC(0) Pause Young (Concurrent Start) (Metadata GC Threshold)
[2022-05-18T16:10:27.276+0300][gc,task      ] GC(0) Using 4 workers of 4 for evacuation
[2022-05-18T16:10:27.290+0300][gc,phases    ] GC(0)   Pre Evacuate Collection Set: 0,1ms
[2022-05-18T16:10:27.290+0300][gc,phases    ] GC(0)   Evacuate Collection Set: 12,7ms
[2022-05-18T16:10:27.290+0300][gc,phases    ] GC(0)   Post Evacuate Collection Set: 0,7ms
[2022-05-18T16:10:27.290+0300][gc,phases    ] GC(0)   Other: 0,7ms
[2022-05-18T16:10:27.290+0300][gc,heap      ] GC(0) Eden regions: 43->0(44)
[2022-05-18T16:10:27.290+0300][gc,heap      ] GC(0) Survivor regions: 0->7(7)
[2022-05-18T16:10:27.290+0300][gc,heap      ] GC(0) Old regions: 0->0
[2022-05-18T16:10:27.290+0300][gc,heap      ] GC(0) Humongous regions: 0->0
[2022-05-18T16:10:27.290+0300][gc,metaspace ] GC(0) Metaspace: 20422K->20422K(1069056K)
[2022-05-18T16:10:27.290+0300][gc           ] GC(0) Pause Young (Concurrent Start) (Metadata GC Threshold) 42M->6M(1024M) 14,325ms
[2022-05-18T16:10:27.290+0300][gc,cpu       ] GC(0) User=0,03s Sys=0,00s Real=0,01s
[2022-05-18T16:10:27.290+0300][gc           ] GC(1) Concurrent Cycle
[2022-05-18T16:10:27.290+0300][gc,marking   ] GC(1) Concurrent Clear Claimed Marks
[2022-05-18T16:10:27.291+0300][gc,marking   ] GC(1) Concurrent Clear Claimed Marks 0,044ms
[2022-05-18T16:10:27.291+0300][gc,marking   ] GC(1) Concurrent Scan Root Regions
[2022-05-18T16:10:27.295+0300][gc,marking   ] GC(1) Concurrent Scan Root Regions 4,279ms
[2022-05-18T16:10:27.295+0300][gc,marking   ] GC(1) Concurrent Mark (1,533s)
[2022-05-18T16:10:27.295+0300][gc,marking   ] GC(1) Concurrent Mark From Roots
[2022-05-18T16:10:27.295+0300][gc,task      ] GC(1) Using 1 workers of 1 for marking
[2022-05-18T16:10:27.296+0300][gc,marking   ] GC(1) Concurrent Mark From Roots 0,825ms
[2022-05-18T16:10:27.296+0300][gc,marking   ] GC(1) Concurrent Preclean
[2022-05-18T16:10:27.296+0300][gc,marking   ] GC(1) Concurrent Preclean 0,056ms
[2022-05-18T16:10:27.296+0300][gc,marking   ] GC(1) Concurrent Mark (1,533s, 1,534s) 0,948ms
[2022-05-18T16:10:27.296+0300][gc,start     ] GC(1) Pause Remark
[2022-05-18T16:10:27.298+0300][gc,stringtable] GC(1) Cleaned string and symbol table, strings: 7359 processed, 0 removed, symbols: 63845 processed, 33 removed
[2022-05-18T16:10:27.299+0300][gc            ] GC(1) Pause Remark 7M->7M(1024M) 2,757ms
[2022-05-18T16:10:27.299+0300][gc,cpu        ] GC(1) User=0,01s Sys=0,00s Real=0,00s
[2022-05-18T16:10:27.299+0300][gc,marking    ] GC(1) Concurrent Rebuild Remembered Sets
[2022-05-18T16:10:27.299+0300][gc,marking    ] GC(1) Concurrent Rebuild Remembered Sets 0,093ms
[2022-05-18T16:10:27.299+0300][gc,start      ] GC(1) Pause Cleanup
[2022-05-18T16:10:27.299+0300][gc            ] GC(1) Pause Cleanup 7M->7M(1024M) 0,204ms
[2022-05-18T16:10:27.299+0300][gc,cpu        ] GC(1) User=0,00s Sys=0,00s Real=0,00s
[2022-05-18T16:10:27.299+0300][gc,marking    ] GC(1) Concurrent Cleanup for Next Mark
[2022-05-18T16:10:27.309+0300][gc,marking    ] GC(1) Concurrent Cleanup for Next Mark 9,421ms
[2022-05-18T16:10:27.309+0300][gc            ] GC(1) Concurrent Cycle 18,313ms
[2022-05-18T16:10:29.269+0300][gc,start      ] GC(2) Pause Young (Normal) (G1 Evacuation Pause)
[2022-05-18T16:10:29.269+0300][gc,task       ] GC(2) Using 4 workers of 4 for evacuation
[2022-05-18T16:10:29.292+0300][gc,mmu        ] GC(2) MMU target violated: 21,0ms (20,0ms/21,0ms)
[2022-05-18T16:10:29.292+0300][gc,phases     ] GC(2)   Pre Evacuate Collection Set: 0,1ms
[2022-05-18T16:10:29.292+0300][gc,phases     ] GC(2)   Evacuate Collection Set: 20,7ms
[2022-05-18T16:10:29.292+0300][gc,phases     ] GC(2)   Post Evacuate Collection Set: 1,5ms
[2022-05-18T16:10:29.292+0300][gc,phases     ] GC(2)   Other: 0,4ms
[2022-05-18T16:10:29.292+0300][gc,heap       ] GC(2) Eden regions: 44->0(49)
[2022-05-18T16:10:29.292+0300][gc,heap       ] GC(2) Survivor regions: 7->2(7)
[2022-05-18T16:10:29.292+0300][gc,heap       ] GC(2) Old regions: 0->7
[2022-05-18T16:10:29.292+0300][gc,heap       ] GC(2) Humongous regions: 0->0
[2022-05-18T16:10:29.292+0300][gc,metaspace  ] GC(2) Metaspace: 30461K->30461K(1077248K)
[2022-05-18T16:10:29.292+0300][gc            ] GC(2) Pause Young (Normal) (G1 Evacuation Pause) 50M->8M(1024M) 22,879ms
[2022-05-18T16:10:29.292+0300][gc,cpu        ] GC(2) User=0,03s Sys=0,01s Real=0,02s
[2022-05-18T16:10:29.882+0300][gc,start      ] GC(3) Pause Young (Concurrent Start) (Metadata GC Threshold)
[2022-05-18T16:10:29.882+0300][gc,task       ] GC(3) Using 4 workers of 4 for evacuation
[2022-05-18T16:10:29.887+0300][gc,phases     ] GC(3)   Pre Evacuate Collection Set: 0,1ms
[2022-05-18T16:10:29.887+0300][gc,phases     ] GC(3)   Evacuate Collection Set: 3,7ms
[2022-05-18T16:10:29.887+0300][gc,phases     ] GC(3)   Post Evacuate Collection Set: 0,6ms
[2022-05-18T16:10:29.887+0300][gc,phases     ] GC(3)   Other: 0,3ms
[2022-05-18T16:10:29.887+0300][gc,heap       ] GC(3) Eden regions: 20->0(48)
[2022-05-18T16:10:29.887+0300][gc,heap       ] GC(3) Survivor regions: 2->3(7)
[2022-05-18T16:10:29.887+0300][gc,heap       ] GC(3) Old regions: 7->7
[2022-05-18T16:10:29.887+0300][gc,heap       ] GC(3) Humongous regions: 129->129
[2022-05-18T16:10:29.887+0300][gc,metaspace  ] GC(3) Metaspace: 34453K->34453K(1081344K)
[2022-05-18T16:10:29.887+0300][gc            ] GC(3) Pause Young (Concurrent Start) (Metadata GC Threshold) 156M->138M(1024M) 4,921ms
[2022-05-18T16:10:29.887+0300][gc,cpu        ] GC(3) User=0,02s Sys=0,00s Real=0,01s
[2022-05-18T16:10:29.887+0300][gc            ] GC(4) Concurrent Cycle
[2022-05-18T16:10:29.887+0300][gc,marking    ] GC(4) Concurrent Clear Claimed Marks
[2022-05-18T16:10:29.887+0300][gc,marking    ] GC(4) Concurrent Clear Claimed Marks 0,085ms
[2022-05-18T16:10:29.887+0300][gc,marking    ] GC(4) Concurrent Scan Root Regions
[2022-05-18T16:10:29.890+0300][gc,marking    ] GC(4) Concurrent Scan Root Regions 2,576ms
[2022-05-18T16:10:29.890+0300][gc,marking    ] GC(4) Concurrent Mark (4,128s)
[2022-05-18T16:10:29.890+0300][gc,marking    ] GC(4) Concurrent Mark From Roots
[2022-05-18T16:10:29.890+0300][gc,task       ] GC(4) Using 1 workers of 1 for marking
[2022-05-18T16:10:29.907+0300][gc,marking    ] GC(4) Concurrent Mark From Roots 16,744ms
[2022-05-18T16:10:29.907+0300][gc,marking    ] GC(4) Concurrent Preclean
[2022-05-18T16:10:29.907+0300][gc,marking    ] GC(4) Concurrent Preclean 0,138ms
[2022-05-18T16:10:29.907+0300][gc,marking    ] GC(4) Concurrent Mark (4,128s, 4,145s) 16,998ms
[2022-05-18T16:10:29.910+0300][gc,start      ] GC(4) Pause Remark
[2022-05-18T16:10:29.913+0300][gc,stringtable] GC(4) Cleaned string and symbol table, strings: 10685 processed, 8 removed, symbols: 96063 processed, 25 removed
[2022-05-18T16:10:29.914+0300][gc            ] GC(4) Pause Remark 139M->139M(1024M) 3,950ms
[2022-05-18T16:10:29.914+0300][gc,cpu        ] GC(4) User=0,01s Sys=0,00s Real=0,01s
[2022-05-18T16:10:29.914+0300][gc,marking    ] GC(4) Concurrent Rebuild Remembered Sets
[2022-05-18T16:10:29.925+0300][gc,marking    ] GC(4) Concurrent Rebuild Remembered Sets 11,261ms
[2022-05-18T16:10:29.926+0300][gc,start      ] GC(4) Pause Cleanup
[2022-05-18T16:10:29.926+0300][gc            ] GC(4) Pause Cleanup 140M->140M(1024M) 0,327ms
[2022-05-18T16:10:29.926+0300][gc,cpu        ] GC(4) User=0,00s Sys=0,00s Real=0,00s
[2022-05-18T16:10:29.926+0300][gc,marking    ] GC(4) Concurrent Cleanup for Next Mark
[2022-05-18T16:10:29.941+0300][gc,marking    ] GC(4) Concurrent Cleanup for Next Mark 15,155ms
[2022-05-18T16:10:29.941+0300][gc            ] GC(4) Concurrent Cycle 54,122ms
[2022-05-18T16:10:31.673+0300][gc,start      ] GC(5) Pause Young (Normal) (G1 Evacuation Pause)
[2022-05-18T16:10:31.673+0300][gc,task       ] GC(5) Using 4 workers of 4 for evacuation
[2022-05-18T16:10:31.693+0300][gc,phases     ] GC(5)   Pre Evacuate Collection Set: 0,0ms
[2022-05-18T16:10:31.693+0300][gc,phases     ] GC(5)   Evacuate Collection Set: 18,9ms
[2022-05-18T16:10:31.693+0300][gc,phases     ] GC(5)   Post Evacuate Collection Set: 0,9ms
[2022-05-18T16:10:31.693+0300][gc,phases     ] GC(5)   Other: 0,3ms
[2022-05-18T16:10:31.693+0300][gc,heap       ] GC(5) Eden regions: 48->0(44)
[2022-05-18T16:10:31.693+0300][gc,heap       ] GC(5) Survivor regions: 3->7(7)
[2022-05-18T16:10:31.693+0300][gc,heap       ] GC(5) Old regions: 7->7
[2022-05-18T16:10:31.693+0300][gc,heap       ] GC(5) Humongous regions: 129->129
[2022-05-18T16:10:31.693+0300][gc,metaspace  ] GC(5) Metaspace: 43227K->43227K(1089536K)
[2022-05-18T16:10:31.693+0300][gc            ] GC(5) Pause Young (Normal) (G1 Evacuation Pause) 186M->142M(1024M) 20,397ms
[2022-05-18T16:10:31.693+0300][gc,cpu        ] GC(5) User=0,04s Sys=0,00s Real=0,03s
[2022-05-18T16:11:31.800+0300][gc,start      ] GC(6) Pause Young (Normal) (G1 Evacuation Pause)
[2022-05-18T16:11:31.800+0300][gc,task       ] GC(6) Using 4 workers of 4 for evacuation
[2022-05-18T16:11:31.815+0300][gc,phases     ] GC(6)   Pre Evacuate Collection Set: 0,0ms
[2022-05-18T16:11:31.815+0300][gc,phases     ] GC(6)   Evacuate Collection Set: 13,8ms
[2022-05-18T16:11:31.815+0300][gc,phases     ] GC(6)   Post Evacuate Collection Set: 1,3ms
[2022-05-18T16:11:31.815+0300][gc,phases     ] GC(6)   Other: 0,3ms
[2022-05-18T16:11:31.815+0300][gc,heap       ] GC(6) Eden regions: 44->0(48)
[2022-05-18T16:11:31.815+0300][gc,heap       ] GC(6) Survivor regions: 7->3(7)
[2022-05-18T16:11:31.815+0300][gc,heap       ] GC(6) Old regions: 7->13
[2022-05-18T16:11:31.815+0300][gc,heap       ] GC(6) Humongous regions: 129->129
[2022-05-18T16:11:31.815+0300][gc,metaspace  ] GC(6) Metaspace: 48977K->48977K(1093632K)
[2022-05-18T16:11:31.815+0300][gc            ] GC(6) Pause Young (Normal) (G1 Evacuation Pause) 186M->144M(1024M) 15,646ms
[2022-05-18T16:11:31.815+0300][gc,cpu        ] GC(6) User=0,04s Sys=0,00s Real=0,02s
